Project Information      d:\programmes\max\max_projects\pcsod_v.2.1\my_alu.rpt

MAX+plus II Compiler Report File
Version 10.23 07/09/2003
Compiled: 03/14/2020 23:32:20

Copyright (C) 1988-2003 Altera Corporation
Any megafunction design, and related net list (encrypted or decrypted),
support information, device programming or simulation file, and any other
associated documentation or information provided by Altera or a partner
under Altera's Megafunction Partnership Program may be used only to
program PLD devices (but not masked PLD devices) from Altera.  Any other
use of such megafunction design, net list, support information, device
programming or simulation file, or any other related documentation or
information is prohibited for any other purpose, including, but not
limited to modification, reverse engineering, de-compiling, or use with
any other silicon devices, unless such use is explicitly licensed under
a separate agreement with Altera or a megafunction partner.  Title to
the intellectual property, including patents, copyrights, trademarks,
trade secrets, or maskworks, embodied in any such megafunction design,
net list, support information, device programming or simulation file, or
any other related documentation or information provided by Altera or a
megafunction partner, remains with Altera, the megafunction partner, or
their respective licensors.  No other licenses, including any licenses
needed under any third party's intellectual property, are provided herein.



***** Project compilation was successful




** DEVICE SUMMARY **

Chip/                     Input   Output   Bidir         Shareable
POF       Device          Pins    Pins     Pins     LCs  Expanders  % Utilized

my_alu    EPM3064ATC100-4  19       15       0      35      15          54 %

User Pins:                 19       15       0  



Project Information      d:\programmes\max\max_projects\pcsod_v.2.1\my_alu.rpt

** PROJECT COMPILATION MESSAGES **

Warning: Ignored primitive symbol "SOFT" (ID :30) it has no output
Warning: GLOBAL primitive on node 'CLK' feeds logic -- non-global signal usage may result


Project Information      d:\programmes\max\max_projects\pcsod_v.2.1\my_alu.rpt

** AUTO GLOBAL SIGNALS **



INFO: Signal 'CLK' chosen for auto global Clock


Project Information      d:\programmes\max\max_projects\pcsod_v.2.1\my_alu.rpt

** FILE HIERARCHY **



|reg9:6|
|reg9:7|
|counter:10|
|alu:11|
|contr_machine:35|


Device-Specific Information:d:\programmes\max\max_projects\pcsod_v.2.1\my_alu.rpt
my_alu

***** Logic for device 'my_alu' compiled without errors.




Device: EPM3064ATC100-4

Device Options:
    Turbo Bit                                    = ON
    Security Bit                                 = OFF
    Enable JTAG Support                        = ON
    User Code                                  = ffffffff
    MultiVolt I/O                              = OFF

                                            R R       R       R  
                                            E E       E       E  
                                V           S S C     S       S  
                                C           E E L V C E       E  
                                C           R R K C L R     N R  
                        G       I G G G C G V V S C K V   G . V  
              B A A A A N A A B N N N N L N E E D I W E   N C E  
              3 6 4 5 3 D 2 1 2 T D D D K D D D V O R D R D . D  
            ----------------------------------------------------_ 
           / 100  98  96  94  92  90  88  86  84  82  80  78  76   |_ 
          /     99  97  95  93  91  89  87  85  83  81  79  77    | 
    N.C. |  1                                                    75 | RESERVED 
    N.C. |  2                                                    74 | GND 
   VCCIO |  3                                                    73 | #TDO 
    #TDI |  4                                                    72 | N.C. 
    N.C. |  5                                                    71 | READ 
      B4 |  6                                                    70 | N.C. 
    N.C. |  7                                                    69 | WR 
      A0 |  8                                                    68 | SDVS 
       M |  9                                                    67 | RESERVED 
      B7 | 10                                                    66 | VCCIO 
     GND | 11                                                    65 | GND 
      B6 | 12                                                    64 | RESERVED 
      B5 | 13                  EPM3064ATC100-4                   63 | S7 
   STROB | 14                                                    62 | #TCK 
    #TMS | 15                                                    61 | RESERVED 
RESERVED | 16                                                    60 | RESERVED 
RESERVED | 17                                                    59 | GND 
   VCCIO | 18                                                    58 | RESERVED 
RESERVED | 19                                                    57 | S2 
RESERVED | 20                                                    56 | RESERVED 
RESERVED | 21                                                    55 | N.C. 
    N.C. | 22                                                    54 | RESERVED 
      A7 | 23                                                    53 | GND 
    N.C. | 24                                                    52 | RESERVED 
      B0 | 25                                                    51 | VCCIO 
         |      27  29  31  33  35  37  39  41  43  45  47  49  _| 
          \   26  28  30  32  34  36  38  40  42  44  46  48  50   | 
           \----------------------------------------------------- 
              G N N R R B S G V R R R G V S S S G S S S R R N N  
              N . . E E 1 6 N C E E E N C 3 4 5 N U 0 1 E E . .  
              D C C S S     D C S S S D C       D B     S S C C  
                . . E E       I E E E   I               E E . .  
                    R R       O R R R   N               R R      
                    V V         V V V   T               V V      
                    E E         E E E                   E E      
                    D D         D D D                   D D      


N.C. = No Connect. This pin has no internal connection to the device.
VCCINT = Dedicated power pin, which MUST be connected to VCC (3.3 volts).
VCCIO = Dedicated power pin, which MUST be connected to VCC (3.3 volts).
GND = Dedicated ground pin or unused dedicated input, which MUST be connected to GND.
RESERVED = Unused I/O pin, which MUST be left unconnected.

^ = Dedicated configuration pin.
+ = Reserved configuration pin, which is tri-stated during user mode.
* = Reserved configuration pin, which drives out in user mode.
PDn = Power Down pin. 
@ = Special-purpose pin. 
# = JTAG Boundary-Scan Testing/In-System Programming or Configuration Pin. The JTAG inputs TMS and TDI should be tied to VCC and TCK should be tied to GND when not in use.
& = JTAG pin used for I/O. When used as user I/O, JTAG pins must be kept stable before and during configuration.  JTAG pin stability prevents accidental loading of JTAG instructions.


Device-Specific Information:d:\programmes\max\max_projects\pcsod_v.2.1\my_alu.rpt
my_alu

** RESOURCE USAGE **

                                                Shareable     External
Logic Array Block     Logic Cells   I/O Pins    Expanders   Interconnect

A:     LC1 - LC16     0/16(  0%)  16/16(100%)   0/16(  0%)   0/36(  0%) 
B:    LC17 - LC32     5/16( 31%)   5/15( 33%)   3/16( 18%)  12/36( 33%) 
C:    LC33 - LC48    15/16( 93%)   8/16( 50%)  15/16( 93%)  32/36( 88%) 
D:    LC49 - LC64    15/16( 93%)   8/15( 53%)  14/16( 87%)  14/36( 38%) 


Total dedicated input pins used:                 1/4      ( 25%)
Total I/O pins used:                            37/62     ( 59%)
Total logic cells used:                         35/64     ( 54%)
Total shareable expanders used:                 15/64     ( 23%)
Total Turbo logic cells used:                   35/64     ( 54%)
Total shareable expanders not available (n/a):  17/64     ( 26%)
Average fan-in:                                  5.77
Total fan-in:                                   202

Total input pins required:                      19
Total output pins required:                     15
Total bidirectional pins required:               0
Total reserved pins required                     4
Total logic cells required:                     35
Total flipflops required:                       26
Total product terms required:                  134
Total logic cells lending parallel expanders:    0
Total shareable expanders in database:          11

Synthesized logic cells:                         0/  64   (  0%)



Device-Specific Information:d:\programmes\max\max_projects\pcsod_v.2.1\my_alu.rpt
my_alu

** INPUTS **

                                         Shareable
                                         Expanders     Fan-In    Fan-Out
 Pin     LC  LAB  Primitive    Code   Total Shared n/a INP  FBK  OUT  FBK  Name
   8    (6)  (A)      INPUT               0      0   0    0    0    1    0  A0
  93   (15)  (A)      INPUT               0      0   0    0    0    1    0  A1
  94   (14)  (A)      INPUT               0      0   0    0    0    1    0  A2
  96   (13)  (A)      INPUT               0      0   0    0    0    1    0  A3
  98   (11)  (A)      INPUT               0      0   0    0    0    1    0  A4
  97   (12)  (A)      INPUT               0      0   0    0    0    1    0  A5
  99   (10)  (A)      INPUT               0      0   0    0    0    1    0  A6
  23   (26)  (B)      INPUT               0      0   0    0    0    1    1  A7
  25   (25)  (B)      INPUT               0      0   0    0    0    0    1  B0
  31   (22)  (B)      INPUT               0      0   0    0    0    0    1  B1
  92   (16)  (A)      INPUT               0      0   0    0    0    0    1  B2
 100    (9)  (A)      INPUT               0      0   0    0    0    0    1  B3
   6    (7)  (A)      INPUT               0      0   0    0    0    0    1  B4
  13    (2)  (A)      INPUT               0      0   0    0    0    0    1  B5
  12    (3)  (A)      INPUT               0      0   0    0    0    0    1  B6
  10    (4)  (A)      INPUT               0      0   0    0    0    0    2  B7
  87      -   -       INPUT  G            0      0   0    0    0    0    5  CLK
   9    (5)  (A)      INPUT               0      0   0    0    0    1    1  M
  14    (1)  (A)      INPUT               0      0   0    0    0   11   12  STROB


Code:

s = Synthesized pin or logic cell
t = Turbo logic cell
+ = Synchronous flipflop
/ = Slow slew-rate output
! = NOT gate push-back
r = Fitter-inserted logic cell
G = Global Source. Fan-out destinations counted here do not include destinations
that are driven using global routing resources. Refer to the Auto Global Signals,
Clock Signals, Clear Signals, Synchronous Load Signals, and Synchronous Clear Signals
Sections of this Report File for information on which signals' fan-outs are used as
Clock, Clear, Preset, Output Enable, and synchronous Load signals.


Device-Specific Information:d:\programmes\max\max_projects\pcsod_v.2.1\my_alu.rpt
my_alu

** OUTPUTS **

                                         Shareable
                                         Expanders     Fan-In    Fan-Out
 Pin     LC  LAB  Primitive    Code   Total Shared n/a INP  FBK  OUT  FBK  Name
  83     62    D     OUTPUT      t        0      0   0    0    4    0    0  CLKSDV
  81     61    D     OUTPUT      t        0      0   0    1    3    0    0  CLKWR
  79     59    D     OUTPUT      t        0      0   0    0    2    0    0  R
  71     55    D     OUTPUT      t        0      0   0    0    3    0    0  READ
  68     53    D     OUTPUT      t        0      0   0    0    3    0    0  SDVS
  44     36    C     OUTPUT      t        0      0   0    2    2    0    0  SUB
  45     37    C         FF      t        3      2   1    2    5    0    2  S0 (|reg9:6|:73)
  46     38    C         FF      t        3      2   1    2    5    1    0  S1 (|reg9:6|:23)
  57     44    C         FF      t        3      2   1    2    5    1    0  S2 (|reg9:6|:22)
  40     33    C         FF      t        3      2   1    2    5    1    0  S3 (|reg9:6|:21)
  41     34    C         FF      t        3      2   1    2    5    1    0  S4 (|reg9:6|:20)
  42     35    C         FF      t        3      2   1    2    5    1    0  S5 (|reg9:6|:19)
  32     21    B         FF      t        3      2   1    2    5    1    0  S6 (|reg9:6|:18)
  63     49    D         FF      t        3      2   1    2    5    1    0  S7 (|reg9:6|:17)
  69     54    D     OUTPUT      t        0      0   0    1    2    0    0  WR


Code:

s = Synthesized pin or logic cell
t = Turbo logic cell
+ = Synchronous flipflop
/ = Slow slew-rate output
! = NOT gate push-back
r = Fitter-inserted logic cell


Device-Specific Information:d:\programmes\max\max_projects\pcsod_v.2.1\my_alu.rpt
my_alu

** BURIED LOGIC **

                                         Shareable
                                         Expanders     Fan-In    Fan-Out
 Pin     LC  LAB  Primitive    Code   Total Shared n/a INP  FBK  OUT  FBK  Name
   -     51    D       DFFE   +  t        0      0   0    0    3   15   18  |contr_machine:35|Q0 (|contr_machine:35|:8)
 (64)    50    D       DFFE   +  t        0      0   0    1    3   15   18  |contr_machine:35|Q1 (|contr_machine:35|:9)
 (16)    31    B       TFFE      t        0      0   0    1    6    0    1  |counter:10|Q8 (|counter:10|:11)
 (20)    28    B       TFFE      t        0      0   0    1    5    0    1  |counter:10|Q4 (|counter:10|:12)
 (21)    27    B       TFFE      t        0      0   0    1    4    0    2  |counter:10|Q2 (|counter:10|:13)
 (80)    60    D       TFFE      t        0      0   0    1    3    0    4  |counter:10|Q1 (|counter:10|:14)
 (73)    56    D       DFFE      t       10      2   0    2    7    1    0  |reg9:6|Q0 (|reg9:6|:16)
 (76)    58    D       DFFE      t        2      2   0    2    4    0    1  |reg9:7|Q0 (|reg9:7|:16)
 (84)    63    D       DFFE      t        3      2   1    2    5    0    1  |reg9:7|Q1 (|reg9:7|:17)
 (47)    39    C       DFFE      t        3      2   1    2    5    0    1  |reg9:7|Q2 (|reg9:7|:18)
 (58)    45    C       DFFE      t        3      2   1    2    5    0    1  |reg9:7|Q3 (|reg9:7|:19)
 (62)    48    C       DFFE      t        3      2   1    2    5    0    1  |reg9:7|Q4 (|reg9:7|:20)
 (61)    47    C       DFFE      t        3      2   1    2    5    0    1  |reg9:7|Q5 (|reg9:7|:21)
 (60)    46    C       DFFE      t        3      2   1    2    5    0    1  |reg9:7|Q6 (|reg9:7|:22)
 (56)    43    C       DFFE      t        3      2   1    2    5    0    1  |reg9:7|Q7 (|reg9:7|:23)
 (54)    42    C       DFFE      t        3      2   1    2    5    0    2  |reg9:7|Q8 (|reg9:7|:73)
 (52)    41    C       TFFE   +  t        0      0   0    2    2    0    1  :12
 (75)    57    D       DFFE      t        2      0   1    0    8    0    2  :13
 (67)    52    D      LCELL      t        0      0   0    1    0   10   11  nCLK (:26)
 (35)    19    B      LCELL      t        0      0   0    0    2   11   17  P3 (:37)


Code:

s = Synthesized pin or logic cell
t = Turbo logic cell
+ = Synchronous flipflop
/ = Slow slew-rate output
! = NOT gate push-back
r = Fitter-inserted logic cell


Device-Specific Information:d:\programmes\max\max_projects\pcsod_v.2.1\my_alu.rpt
my_alu

** LOGIC CELL INTERCONNECTIONS **

Logic Array Block 'B':

                   Logic cells placed in LAB 'B'
        +--------- LC31 |counter:10|Q8
        | +------- LC28 |counter:10|Q4
        | | +----- LC27 |counter:10|Q2
        | | | +--- LC21 S6
        | | | | +- LC19 P3
        | | | | | 
        | | | | |   Other LABs fed by signals
        | | | | |   that feed LAB 'B'
LC      | | | | | | A B C D |     Logic cells that feed LAB 'B':
LC31 -> * - - - * | - * - - | <-- |counter:10|Q8
LC28 -> * * - - - | - * - - | <-- |counter:10|Q4
LC27 -> * * * - - | - * - - | <-- |counter:10|Q2
LC19 -> * * * * - | - * * * | <-- P3

Pin
99   -> - - - * - | - * - - | <-- A6
87   -> * * * - - | - * - * | <-- CLK
14   -> - - - * - | - * * * | <-- STROB
LC51 -> * * * * - | - * * * | <-- |contr_machine:35|Q0
LC50 -> * * * * - | - * * * | <-- |contr_machine:35|Q1
LC60 -> * * * - * | - * - - | <-- |counter:10|Q1
LC49 -> - - - * - | - * - - | <-- S7
LC52 -> - - - * - | - * * * | <-- nCLK


* = The logic cell or pin is an input to the logic cell (or LAB) through the PIA.
- = The logic cell or pin is not an input to the logic cell (or LAB).


Device-Specific Information:d:\programmes\max\max_projects\pcsod_v.2.1\my_alu.rpt
my_alu

** LOGIC CELL INTERCONNECTIONS **

Logic Array Block 'C':

                                       Logic cells placed in LAB 'C'
        +----------------------------- LC39 |reg9:7|Q2
        | +--------------------------- LC45 |reg9:7|Q3
        | | +------------------------- LC48 |reg9:7|Q4
        | | | +----------------------- LC47 |reg9:7|Q5
        | | | | +--------------------- LC46 |reg9:7|Q6
        | | | | | +------------------- LC43 |reg9:7|Q7
        | | | | | | +----------------- LC42 |reg9:7|Q8
        | | | | | | | +--------------- LC36 SUB
        | | | | | | | | +------------- LC37 S0
        | | | | | | | | | +----------- LC38 S1
        | | | | | | | | | | +--------- LC44 S2
        | | | | | | | | | | | +------- LC33 S3
        | | | | | | | | | | | | +----- LC34 S4
        | | | | | | | | | | | | | +--- LC35 S5
        | | | | | | | | | | | | | | +- LC41 :12
        | | | | | | | | | | | | | | | 
        | | | | | | | | | | | | | | |   Other LABs fed by signals
        | | | | | | | | | | | | | | |   that feed LAB 'C'
LC      | | | | | | | | | | | | | | | | A B C D |     Logic cells that feed LAB 'C':
LC39 -> - * - - - - - - - - - - - - - | - - * - | <-- |reg9:7|Q2
LC45 -> - - * - - - - - - - - - - - - | - - * - | <-- |reg9:7|Q3
LC48 -> - - - * - - - - - - - - - - - | - - * - | <-- |reg9:7|Q4
LC47 -> - - - - * - - - - - - - - - - | - - * - | <-- |reg9:7|Q5
LC46 -> - - - - - * - - - - - - - - - | - - * - | <-- |reg9:7|Q6
LC43 -> - - - - - - * - - - - - - - - | - - * - | <-- |reg9:7|Q7
LC38 -> - - - - - - - - * - - - - - - | - - * - | <-- S1
LC44 -> - - - - - - - - - * - - - - - | - - * - | <-- S2
LC33 -> - - - - - - - - - - * - - - - | - - * - | <-- S3
LC34 -> - - - - - - - - - - - * - - - | - - * - | <-- S4
LC35 -> - - - - - - - - - - - - * - - | - - * - | <-- S5

Pin
8    -> - - - - - - - - * - - - - - - | - - * - | <-- A0
93   -> - - - - - - - - - * - - - - - | - - * - | <-- A1
94   -> - - - - - - - - - - * - - - - | - - * - | <-- A2
96   -> - - - - - - - - - - - * - - - | - - * - | <-- A3
98   -> - - - - - - - - - - - - * - - | - - * - | <-- A4
97   -> - - - - - - - - - - - - - * - | - - * - | <-- A5
25   -> - - - - - - * - - - - - - - - | - - * - | <-- B0
31   -> - - - - - * - - - - - - - - - | - - * - | <-- B1
92   -> - - - - * - - - - - - - - - - | - - * - | <-- B2
100  -> - - - * - - - - - - - - - - - | - - * - | <-- B3
6    -> - - * - - - - - - - - - - - - | - - * - | <-- B4
13   -> - * - - - - - - - - - - - - - | - - * - | <-- B5
12   -> * - - - - - - - - - - - - - - | - - * - | <-- B6
87   -> - - - - - - - - - - - - - - - | - * - * | <-- CLK
9    -> - - - - - - - * - - - - - - * | - - * - | <-- M
14   -> * * * * * * * * * * * * * * * | - * * * | <-- STROB
LC51 -> * * * * * * * * * * * * * * * | - * * * | <-- |contr_machine:35|Q0
LC50 -> * * * * * * * * * * * * * * * | - * * * | <-- |contr_machine:35|Q1
LC63 -> * - - - - - - - - - - - - - - | - - * - | <-- |reg9:7|Q1
LC21 -> - - - - - - - - - - - - - * - | - - * - | <-- S6
LC52 -> * * * * * * * - * * * * * * - | - * * * | <-- nCLK
LC19 -> * * * * * * * - * * * * * * - | - * * * | <-- P3


* = The logic cell or pin is an input to the logic cell (or LAB) through the PIA.
- = The logic cell or pin is not an input to the logic cell (or LAB).


Device-Specific Information:d:\programmes\max\max_projects\pcsod_v.2.1\my_alu.rpt
my_alu

** LOGIC CELL INTERCONNECTIONS **

Logic Array Block 'D':

                                       Logic cells placed in LAB 'D'
        +----------------------------- LC62 CLKSDV
        | +--------------------------- LC61 CLKWR
        | | +------------------------- LC51 |contr_machine:35|Q0
        | | | +----------------------- LC50 |contr_machine:35|Q1
        | | | | +--------------------- LC60 |counter:10|Q1
        | | | | | +------------------- LC59 R
        | | | | | | +----------------- LC55 READ
        | | | | | | | +--------------- LC56 |reg9:6|Q0
        | | | | | | | | +------------- LC58 |reg9:7|Q0
        | | | | | | | | | +----------- LC63 |reg9:7|Q1
        | | | | | | | | | | +--------- LC53 SDVS
        | | | | | | | | | | | +------- LC49 S7
        | | | | | | | | | | | | +----- LC54 WR
        | | | | | | | | | | | | | +--- LC57 :13
        | | | | | | | | | | | | | | +- LC52 nCLK
        | | | | | | | | | | | | | | | 
        | | | | | | | | | | | | | | |   Other LABs fed by signals
        | | | | | | | | | | | | | | |   that feed LAB 'D'
LC      | | | | | | | | | | | | | | | | A B C D |     Logic cells that feed LAB 'D':
LC51 -> * * * * * * * * * * * * * * - | - * * * | <-- |contr_machine:35|Q0
LC50 -> * * * * * * * * * * * * * * - | - * * * | <-- |contr_machine:35|Q1
LC56 -> - - - - - - - - - - - * - - - | - - - * | <-- |reg9:6|Q0
LC58 -> - - - - - - - - - * - - - - - | - - - * | <-- |reg9:7|Q0
LC57 -> - - - - - - - * - - - - - * - | - - - * | <-- :13
LC52 -> * * - - - - - * * * - * - * - | - * * * | <-- nCLK

Pin
23   -> - - - - - - - * - - - * - - - | - - - * | <-- A7
10   -> - - - - - - - - * * - - - - - | - - - * | <-- B7
87   -> - - - - * - - - - - - - - - * | - * - * | <-- CLK
14   -> - * - * - - - * * * - * * - - | - * * * | <-- STROB
LC42 -> - - - - - - - * - - - - - * - | - - - * | <-- |reg9:7|Q8
LC37 -> - - - - - - - * - - - - - * - | - - - * | <-- S0
LC41 -> - - - - - - - - - - - - - * - | - - - * | <-- :12
LC19 -> * - * * * - * * * * * * - * - | - * * * | <-- P3


* = The logic cell or pin is an input to the logic cell (or LAB) through the PIA.
- = The logic cell or pin is not an input to the logic cell (or LAB).


Device-Specific Information:d:\programmes\max\max_projects\pcsod_v.2.1\my_alu.rpt
my_alu

** EQUATIONS **

A0       : INPUT;
A1       : INPUT;
A2       : INPUT;
A3       : INPUT;
A4       : INPUT;
A5       : INPUT;
A6       : INPUT;
A7       : INPUT;
B0       : INPUT;
B1       : INPUT;
B2       : INPUT;
B3       : INPUT;
B4       : INPUT;
B5       : INPUT;
B6       : INPUT;
B7       : INPUT;
CLK      : INPUT;
M        : INPUT;
STROB    : INPUT;

-- Node name is 'CLKSDV' 
-- Equation name is 'CLKSDV', location is LC062, type is output.
 CLKSDV  = LCELL( _EQ001 $  GND);
  _EQ001 =  _LC050 &  _LC051 &  nCLK & !P3;

-- Node name is 'CLKWR' 
-- Equation name is 'CLKWR', location is LC061, type is output.
 CLKWR   = LCELL( _EQ002 $  GND);
  _EQ002 = !_LC050 &  _LC051 &  nCLK &  STROB;

-- Node name is ':26' = 'nCLK' 
-- Equation name is 'nCLK', location is LC052, type is buried.
nCLK     = LCELL( CLK $  GND);

-- Node name is ':37' = 'P3' 
-- Equation name is 'P3', location is LC019, type is buried.
P3       = LCELL( _EQ003 $  GND);
  _EQ003 =  _LC031 &  _LC060;

-- Node name is 'R' 
-- Equation name is 'R', location is LC059, type is output.
 R       = LCELL( _EQ004 $  GND);
  _EQ004 = !_LC050 & !_LC051;

-- Node name is 'READ' 
-- Equation name is 'READ', location is LC055, type is output.
 READ    = LCELL( _EQ005 $  GND);
  _EQ005 =  _LC050 &  _LC051 &  P3;

-- Node name is 'SDVS' 
-- Equation name is 'SDVS', location is LC053, type is output.
 SDVS    = LCELL( _EQ006 $  GND);
  _EQ006 =  _LC050 &  _LC051 & !P3;

-- Node name is 'SUB' 
-- Equation name is 'SUB', location is LC036, type is output.
 SUB     = LCELL( _EQ007 $  GND);
  _EQ007 = !_LC050 &  _LC051 &  M &  STROB;

-- Node name is 'S0' = '|reg9:6|Q8' 
-- Equation name is 'S0', type is output 
 S0      = DFFE( _EQ008 $  S1,  _EQ009, !_EQ010,  VCC,  VCC);
  _EQ008 =  A0 & !_LC050 &  _LC051 &  STROB & !S1
         # !A0 & !_LC050 &  _LC051 &  STROB &  S1;
  _EQ009 =  _LC051 &  nCLK &  _X001 &  _X002;
  _X001  = EXP(!_LC050 & !STROB);
  _X002  = EXP( _LC050 &  P3);
  _EQ010 = !_LC050 & !_LC051;

-- Node name is 'S1' = '|reg9:6|Q7' 
-- Equation name is 'S1', type is output 
 S1      = DFFE( _EQ011 $  S2,  _EQ012, !_EQ013,  VCC,  VCC);
  _EQ011 =  A1 & !_LC050 &  _LC051 &  STROB & !S2
         # !A1 & !_LC050 &  _LC051 &  STROB &  S2;
  _EQ012 =  _LC051 &  nCLK &  _X001 &  _X002;
  _X001  = EXP(!_LC050 & !STROB);
  _X002  = EXP( _LC050 &  P3);
  _EQ013 = !_LC050 & !_LC051;

-- Node name is 'S2' = '|reg9:6|Q6' 
-- Equation name is 'S2', type is output 
 S2      = DFFE( _EQ014 $  S3,  _EQ015, !_EQ016,  VCC,  VCC);
  _EQ014 =  A2 & !_LC050 &  _LC051 &  STROB & !S3
         # !A2 & !_LC050 &  _LC051 &  STROB &  S3;
  _EQ015 =  _LC051 &  nCLK &  _X001 &  _X002;
  _X001  = EXP(!_LC050 & !STROB);
  _X002  = EXP( _LC050 &  P3);
  _EQ016 = !_LC050 & !_LC051;

-- Node name is 'S3' = '|reg9:6|Q5' 
-- Equation name is 'S3', type is output 
 S3      = DFFE( _EQ017 $  S4,  _EQ018, !_EQ019,  VCC,  VCC);
  _EQ017 =  A3 & !_LC050 &  _LC051 &  STROB & !S4
         # !A3 & !_LC050 &  _LC051 &  STROB &  S4;
  _EQ018 =  _LC051 &  nCLK &  _X001 &  _X002;
  _X001  = EXP(!_LC050 & !STROB);
  _X002  = EXP( _LC050 &  P3);
  _EQ019 = !_LC050 & !_LC051;

-- Node name is 'S4' = '|reg9:6|Q4' 
-- Equation name is 'S4', type is output 
 S4      = DFFE( _EQ020 $  S5,  _EQ021, !_EQ022,  VCC,  VCC);
  _EQ020 =  A4 & !_LC050 &  _LC051 &  STROB & !S5
         # !A4 & !_LC050 &  _LC051 &  STROB &  S5;
  _EQ021 =  _LC051 &  nCLK &  _X001 &  _X002;
  _X001  = EXP(!_LC050 & !STROB);
  _X002  = EXP( _LC050 &  P3);
  _EQ022 = !_LC050 & !_LC051;

-- Node name is 'S5' = '|reg9:6|Q3' 
-- Equation name is 'S5', type is output 
 S5      = DFFE( _EQ023 $  S6,  _EQ024, !_EQ025,  VCC,  VCC);
  _EQ023 =  A5 & !_LC050 &  _LC051 &  STROB & !S6
         # !A5 & !_LC050 &  _LC051 &  STROB &  S6;
  _EQ024 =  _LC051 &  nCLK &  _X001 &  _X002;
  _X001  = EXP(!_LC050 & !STROB);
  _X002  = EXP( _LC050 &  P3);
  _EQ025 = !_LC050 & !_LC051;

-- Node name is 'S6' = '|reg9:6|Q2' 
-- Equation name is 'S6', type is output 
 S6      = DFFE( _EQ026 $  S7,  _EQ027, !_EQ028,  VCC,  VCC);
  _EQ026 =  A6 & !_LC050 &  _LC051 &  STROB & !S7
         # !A6 & !_LC050 &  _LC051 &  STROB &  S7;
  _EQ027 =  _LC051 &  nCLK &  _X001 &  _X002;
  _X001  = EXP(!_LC050 & !STROB);
  _X002  = EXP( _LC050 &  P3);
  _EQ028 = !_LC050 & !_LC051;

-- Node name is 'S7' = '|reg9:6|Q1' 
-- Equation name is 'S7', type is output 
 S7      = DFFE( _EQ029 $  _LC056,  _EQ030, !_EQ031,  VCC,  VCC);
  _EQ029 =  A7 & !_LC050 &  _LC051 & !_LC056 &  STROB
         # !A7 & !_LC050 &  _LC051 &  _LC056 &  STROB;
  _EQ030 =  _LC051 &  nCLK &  _X001 &  _X002;
  _X001  = EXP(!_LC050 & !STROB);
  _X002  = EXP( _LC050 &  P3);
  _EQ031 = !_LC050 & !_LC051;

-- Node name is 'WR' 
-- Equation name is 'WR', location is LC054, type is output.
 WR      = LCELL( _EQ032 $  GND);
  _EQ032 = !_LC050 &  _LC051 &  STROB;

-- Node name is '|contr_machine:35|:8' = '|contr_machine:35|Q0' 
-- Equation name is '_LC051', type is buried 
_LC051   = DFFE( _EQ033 $ !_LC050, GLOBAL( CLK),  VCC,  VCC,  VCC);
  _EQ033 =  _LC050 &  _LC051 & !P3;

-- Node name is '|contr_machine:35|:9' = '|contr_machine:35|Q1' 
-- Equation name is '_LC050', type is buried 
_LC050   = DFFE( _EQ034 $  GND, GLOBAL( CLK),  VCC,  VCC,  VCC);
  _EQ034 = !_LC050 &  _LC051 &  STROB
         #  _LC050 &  _LC051 & !P3;

-- Node name is '|counter:10|:14' = '|counter:10|Q1' 
-- Equation name is '_LC060', type is buried 
_LC060   = TFFE( VCC,  _EQ035, !_EQ036,  VCC,  VCC);
  _EQ035 =  CLK &  _LC050 &  _LC051 & !P3;
  _EQ036 = !_LC050 & !_LC051;

-- Node name is '|counter:10|:13' = '|counter:10|Q2' 
-- Equation name is '_LC027', type is buried 
_LC027   = TFFE( _LC060,  _EQ037, !_EQ038,  VCC,  VCC);
  _EQ037 =  CLK &  _LC050 &  _LC051 & !P3;
  _EQ038 = !_LC050 & !_LC051;

-- Node name is '|counter:10|:12' = '|counter:10|Q4' 
-- Equation name is '_LC028', type is buried 
_LC028   = TFFE( _EQ039,  _EQ040, !_EQ041,  VCC,  VCC);
  _EQ039 =  _LC027 &  _LC060;
  _EQ040 =  CLK &  _LC050 &  _LC051 & !P3;
  _EQ041 = !_LC050 & !_LC051;

-- Node name is '|counter:10|:11' = '|counter:10|Q8' 
-- Equation name is '_LC031', type is buried 
_LC031   = TFFE( _EQ042,  _EQ043, !_EQ044,  VCC,  VCC);
  _EQ042 =  _LC027 &  _LC028 &  _LC060;
  _EQ043 =  CLK &  _LC050 &  _LC051 & !P3;
  _EQ044 = !_LC050 & !_LC051;

-- Node name is '|reg9:6|:16' = '|reg9:6|Q0' 
-- Equation name is '_LC056', type is buried 
_LC056   = DFFE( _EQ045 $ !S0,  _EQ046, !_EQ047,  VCC,  VCC);
  _EQ045 =  _X003 &  _X004 &  _X005 &  _X006 &  _X007 &  _X008 &  _X009 & 
              _X010;
  _X003  = EXP(!A7 & !_LC050 &  _LC051 &  STROB &  S0);
  _X004  = EXP( A7 & !_LC050 &  _LC051 &  STROB & !S0);
  _X005  = EXP( _LC042 &  _LC050 & !_LC057);
  _X006  = EXP(!_LC042 &  _LC050 &  _LC057);
  _X007  = EXP( _LC042 & !_LC057 & !STROB);
  _X008  = EXP( _LC042 & !_LC051 & !_LC057);
  _X009  = EXP(!_LC042 &  _LC057 & !STROB);
  _X010  = EXP(!_LC042 & !_LC051 &  _LC057);
  _EQ046 =  _LC051 &  nCLK &  _X001 &  _X002;
  _X001  = EXP(!_LC050 & !STROB);
  _X002  = EXP( _LC050 &  P3);
  _EQ047 = !_LC050 & !_LC051;

-- Node name is '|reg9:7|:16' = '|reg9:7|Q0' 
-- Equation name is '_LC058', type is buried 
_LC058   = DFFE( _EQ048 $  VCC,  _EQ049, !_EQ050,  VCC,  VCC);
  _EQ048 = !B7 & !_LC050 &  _LC051 &  STROB;
  _EQ049 =  _LC051 &  nCLK &  _X001 &  _X002;
  _X001  = EXP(!_LC050 & !STROB);
  _X002  = EXP( _LC050 &  P3);
  _EQ050 = !_LC050 & !_LC051;

-- Node name is '|reg9:7|:17' = '|reg9:7|Q1' 
-- Equation name is '_LC063', type is buried 
_LC063   = DFFE( _EQ051 $  _LC058,  _EQ052, !_EQ053,  VCC,  VCC);
  _EQ051 =  B7 & !_LC050 &  _LC051 & !_LC058 &  STROB
         # !B7 & !_LC050 &  _LC051 &  _LC058 &  STROB;
  _EQ052 =  _LC051 &  nCLK &  _X001 &  _X002;
  _X001  = EXP(!_LC050 & !STROB);
  _X002  = EXP( _LC050 &  P3);
  _EQ053 = !_LC050 & !_LC051;

-- Node name is '|reg9:7|:18' = '|reg9:7|Q2' 
-- Equation name is '_LC039', type is buried 
_LC039   = DFFE( _EQ054 $  _LC063,  _EQ055, !_EQ056,  VCC,  VCC);
  _EQ054 =  B6 & !_LC050 &  _LC051 & !_LC063 &  STROB
         # !B6 & !_LC050 &  _LC051 &  _LC063 &  STROB;
  _EQ055 =  _LC051 &  nCLK &  _X001 &  _X002;
  _X001  = EXP(!_LC050 & !STROB);
  _X002  = EXP( _LC050 &  P3);
  _EQ056 = !_LC050 & !_LC051;

-- Node name is '|reg9:7|:19' = '|reg9:7|Q3' 
-- Equation name is '_LC045', type is buried 
_LC045   = DFFE( _EQ057 $  _LC039,  _EQ058, !_EQ059,  VCC,  VCC);
  _EQ057 =  B5 & !_LC039 & !_LC050 &  _LC051 &  STROB
         # !B5 &  _LC039 & !_LC050 &  _LC051 &  STROB;
  _EQ058 =  _LC051 &  nCLK &  _X001 &  _X002;
  _X001  = EXP(!_LC050 & !STROB);
  _X002  = EXP( _LC050 &  P3);
  _EQ059 = !_LC050 & !_LC051;

-- Node name is '|reg9:7|:20' = '|reg9:7|Q4' 
-- Equation name is '_LC048', type is buried 
_LC048   = DFFE( _EQ060 $  _LC045,  _EQ061, !_EQ062,  VCC,  VCC);
  _EQ060 =  B4 & !_LC045 & !_LC050 &  _LC051 &  STROB
         # !B4 &  _LC045 & !_LC050 &  _LC051 &  STROB;
  _EQ061 =  _LC051 &  nCLK &  _X001 &  _X002;
  _X001  = EXP(!_LC050 & !STROB);
  _X002  = EXP( _LC050 &  P3);
  _EQ062 = !_LC050 & !_LC051;

-- Node name is '|reg9:7|:21' = '|reg9:7|Q5' 
-- Equation name is '_LC047', type is buried 
_LC047   = DFFE( _EQ063 $  _LC048,  _EQ064, !_EQ065,  VCC,  VCC);
  _EQ063 =  B3 & !_LC048 & !_LC050 &  _LC051 &  STROB
         # !B3 &  _LC048 & !_LC050 &  _LC051 &  STROB;
  _EQ064 =  _LC051 &  nCLK &  _X001 &  _X002;
  _X001  = EXP(!_LC050 & !STROB);
  _X002  = EXP( _LC050 &  P3);
  _EQ065 = !_LC050 & !_LC051;

-- Node name is '|reg9:7|:22' = '|reg9:7|Q6' 
-- Equation name is '_LC046', type is buried 
_LC046   = DFFE( _EQ066 $  _LC047,  _EQ067, !_EQ068,  VCC,  VCC);
  _EQ066 =  B2 & !_LC047 & !_LC050 &  _LC051 &  STROB
         # !B2 &  _LC047 & !_LC050 &  _LC051 &  STROB;
  _EQ067 =  _LC051 &  nCLK &  _X001 &  _X002;
  _X001  = EXP(!_LC050 & !STROB);
  _X002  = EXP( _LC050 &  P3);
  _EQ068 = !_LC050 & !_LC051;

-- Node name is '|reg9:7|:23' = '|reg9:7|Q7' 
-- Equation name is '_LC043', type is buried 
_LC043   = DFFE( _EQ069 $  _LC046,  _EQ070, !_EQ071,  VCC,  VCC);
  _EQ069 =  B1 & !_LC046 & !_LC050 &  _LC051 &  STROB
         # !B1 &  _LC046 & !_LC050 &  _LC051 &  STROB;
  _EQ070 =  _LC051 &  nCLK &  _X001 &  _X002;
  _X001  = EXP(!_LC050 & !STROB);
  _X002  = EXP( _LC050 &  P3);
  _EQ071 = !_LC050 & !_LC051;

-- Node name is '|reg9:7|:73' = '|reg9:7|Q8' 
-- Equation name is '_LC042', type is buried 
_LC042   = DFFE( _EQ072 $  _LC043,  _EQ073, !_EQ074,  VCC,  VCC);
  _EQ072 =  B0 & !_LC043 & !_LC050 &  _LC051 &  STROB
         # !B0 &  _LC043 & !_LC050 &  _LC051 &  STROB;
  _EQ073 =  _LC051 &  nCLK &  _X001 &  _X002;
  _X001  = EXP(!_LC050 & !STROB);
  _X002  = EXP( _LC050 &  P3);
  _EQ074 = !_LC050 & !_LC051;

-- Node name is ':12' 
-- Equation name is '_LC041', type is buried 
_LC041   = TFFE( _EQ075, GLOBAL( CLK), !_EQ076,  VCC,  VCC);
  _EQ075 = !_LC050 &  _LC051 &  M &  STROB;
  _EQ076 = !_LC050 & !_LC051;

-- Node name is ':13' 
-- Equation name is '_LC057', type is buried 
_LC057   = DFFE( _EQ077 $  GND,  _EQ078, !_EQ079,  VCC,  VCC);
  _EQ077 =  _LC041 & !S0 &  _X011
         # !_LC041 &  S0 &  _X011
         #  _LC042 &  _LC057;
  _X011  = EXP(!_LC042 & !_LC057);
  _EQ078 =  _LC050 &  _LC051 &  nCLK & !P3;
  _EQ079 = !_LC050 & !_LC051;



--     Shareable expanders that are duplicated in multiple LABs:
--    _X001 occurs in LABs B, C, D
--    _X002 occurs in LABs B, C, D




Project Information      d:\programmes\max\max_projects\pcsod_v.2.1\my_alu.rpt

** COMPILATION SETTINGS & TIMES **

Processing Menu Commands
------------------------

Design Doctor                             = off

Logic Synthesis:

   Synthesis Type Used                    = Standard

   Default Synthesis Style                = NORMAL

      Logic option settings in 'NORMAL' style for 'MAX3000A' family

      DECOMPOSE_GATES                     = on
      DUPLICATE_LOGIC_EXTRACTION          = on
      MINIMIZATION                        = full
      MULTI_LEVEL_FACTORING               = on
      NOT_GATE_PUSH_BACK                  = on
      PARALLEL_EXPANDERS                  = off
      REDUCE_LOGIC                        = on
      REFACTORIZATION                     = on
      REGISTER_OPTIMIZATION               = on
      RESYNTHESIZE_NETWORK                = on
      SLOW_SLEW_RATE                      = off
      SOFT_BUFFER_INSERTION               = on
      SUBFACTOR_EXTRACTION                = on
      TURBO_BIT                           = on
      XOR_SYNTHESIS                       = on
      IGNORE_SOFT_BUFFERS                 = off
      USE_LPM_FOR_AHDL_OPERATORS          = off

   Other logic synthesis settings:

      Automatic Global Clock              = on
      Automatic Global Clear              = on
      Automatic Global Preset             = on
      Automatic Global Output Enable      = on
      Automatic Fast I/O                  = off
      Automatic Register Packing          = off
      Automatic Open-Drain Pins           = on
      Automatic Implement in EAB          = off
      One-Hot State Machine Encoding      = off
      Optimize                            = 5

Default Timing Specifications: None

Cut All Bidir Feedback Timing Paths       = on
Cut All Clear & Preset Timing Paths       = on

Ignore Timing Assignments                 = off

Functional SNF Extractor                  = off

Linked SNF Extractor                      = off
Timing SNF Extractor                      = on
Optimize Timing SNF                       = off
Generate AHDL TDO File                    = off
Fitter Settings                           = NORMAL
Smart Recompile                           = off
Total Recompile                           = off

Interfaces Menu Commands
------------------------

EDIF Netlist Writer                       = off
Verilog Netlist Writer                    = off
VHDL Netlist Writer                       = off

Compilation Times
-----------------

   Compiler Netlist Extractor             00:00:00
   Database Builder                       00:00:00
   Logic Synthesizer                      00:00:00
   Partitioner                            00:00:00
   Fitter                                 00:00:00
   Timing SNF Extractor                   00:00:00
   Assembler                              00:00:00
   --------------------------             --------
   Total Time                             00:00:00


Memory Allocated
-----------------

Peak memory allocated during compilation  = 3,801K
