Project Information                     e:\max_projects\pcsod_v.2.1\my_alu.rpt

MAX+plus II Compiler Report File
Version 10.23 07/09/2003
Compiled: 03/20/2020 12:51:56

Copyright (C) 1988-2003 Altera Corporation
Any megafunction design, and related net list (encrypted or decrypted),
support information, device programming or simulation file, and any other
associated documentation or information provided by Altera or a partner
under Altera's Megafunction Partnership Program may be used only to
program PLD devices (but not masked PLD devices) from Altera.  Any other
use of such megafunction design, net list, support information, device
programming or simulation file, or any other related documentation or
information is prohibited for any other purpose, including, but not
limited to modification, reverse engineering, de-compiling, or use with
any other silicon devices, unless such use is explicitly licensed under
a separate agreement with Altera or a megafunction partner.  Title to
the intellectual property, including patents, copyrights, trademarks,
trade secrets, or maskworks, embodied in any such megafunction design,
net list, support information, device programming or simulation file, or
any other related documentation or information provided by Altera or a
megafunction partner, remains with Altera, the megafunction partner, or
their respective licensors.  No other licenses, including any licenses
needed under any third party's intellectual property, are provided herein.



***** Project compilation was successful




** DEVICE SUMMARY **

Chip/                     Input   Output   Bidir         Shareable
POF       Device          Pins    Pins     Pins     LCs  Expanders  % Utilized

my_alu    EPM3064ATC100-4  19       19       0      37      17          57 %

User Pins:                 19       19       0  



Project Information                     e:\max_projects\pcsod_v.2.1\my_alu.rpt

** PROJECT COMPILATION MESSAGES **

Warning: Ignored primitive symbol "LCELL" (ID :53) it has no output


Project Information                     e:\max_projects\pcsod_v.2.1\my_alu.rpt

** AUTO GLOBAL SIGNALS **



INFO: Signal 'CLK' chosen for auto global Clock


Project Information                     e:\max_projects\pcsod_v.2.1\my_alu.rpt

** FILE HIERARCHY **



|reg9:6|
|reg9:7|
|counter:10|
|alu:11|
|contr_machine:35|


Device-Specific Information:            e:\max_projects\pcsod_v.2.1\my_alu.rpt
my_alu

***** Logic for device 'my_alu' compiled without errors.




Device: EPM3064ATC100-4

Device Options:
    Turbo Bit                                    = ON
    Security Bit                                 = OFF
    Enable JTAG Support                        = ON
    User Code                                  = ffffffff
    MultiVolt I/O                              = OFF

              R                             R                    
              E                             E                    
              S                 V           S C                  
              E                 C           E L   V              
              R                 C           R K C C     R   N S  
              V         G       I G G G C G V S o C     E G . D  
              E A A A A N A A A N N N N L N E D u I P   A N C V  
              D 6 5 4 3 D 2 1 7 T D D D K D D V t O 3 R D D . S  
            ----------------------------------------------------_ 
           / 100  98  96  94  92  90  88  86  84  82  80  78  76   |_ 
          /     99  97  95  93  91  89  87  85  83  81  79  77    | 
    N.C. |  1                                                    75 | RESERVED 
    N.C. |  2                                                    74 | GND 
   VCCIO |  3                                                    73 | #TDO 
    #TDI |  4                                                    72 | N.C. 
    N.C. |  5                                                    71 | WR 
      B4 |  6                                                    70 | N.C. 
    N.C. |  7                                                    69 | xyz 
      A0 |  8                                                    68 | RESERVED 
       M |  9                                                    67 | RESERVED 
      B7 | 10                                                    66 | VCCIO 
     GND | 11                                                    65 | GND 
      B6 | 12                                                    64 | S7 
      B5 | 13                  EPM3064ATC100-4                   63 | S6 
   STROB | 14                                                    62 | #TCK 
    #TMS | 15                                                    61 | RESERVED 
RESERVED | 16                                                    60 | RESERVED 
RESERVED | 17                                                    59 | GND 
   VCCIO | 18                                                    58 | RESERVED 
RESERVED | 19                                                    57 | S4 
RESERVED | 20                                                    56 | RESERVED 
RESERVED | 21                                                    55 | N.C. 
    N.C. | 22                                                    54 | RESERVED 
      B2 | 23                                                    53 | GND 
    N.C. | 24                                                    52 | RESERVED 
      B1 | 25                                                    51 | VCCIO 
         |      27  29  31  33  35  37  39  41  43  45  47  49  _| 
          \   26  28  30  32  34  36  38  40  42  44  46  48  50   | 
           \----------------------------------------------------- 
              G N N R R B n G V R B S G V S S S G R S S C R N N  
              N . . E E 0 C N C E 3 U N C 5 0 2 N E 1 3 L E . .  
              D C C S S   L D C S   B D C       D S     K S C C  
                . . E E   K   I E       I         E     W E . .  
                    R R       O R       N         R     R R      
                    V V         V       T         V       V      
                    E E         E                 E       E      
                    D D         D                 D       D      


N.C. = No Connect. This pin has no internal connection to the device.
VCCINT = Dedicated power pin, which MUST be connected to VCC (3.3 volts).
VCCIO = Dedicated power pin, which MUST be connected to VCC (3.3 volts).
GND = Dedicated ground pin or unused dedicated input, which MUST be connected to GND.
RESERVED = Unused I/O pin, which MUST be left unconnected.

^ = Dedicated configuration pin.
+ = Reserved configuration pin, which is tri-stated during user mode.
* = Reserved configuration pin, which drives out in user mode.
PDn = Power Down pin. 
@ = Special-purpose pin. 
# = JTAG Boundary-Scan Testing/In-System Programming or Configuration Pin. The JTAG inputs TMS and TDI should be tied to VCC and TCK should be tied to GND when not in use.
& = JTAG pin used for I/O. When used as user I/O, JTAG pins must be kept stable before and during configuration.  JTAG pin stability prevents accidental loading of JTAG instructions.


Device-Specific Information:            e:\max_projects\pcsod_v.2.1\my_alu.rpt
my_alu

** RESOURCE USAGE **

                                                Shareable     External
Logic Array Block     Logic Cells   I/O Pins    Expanders   Interconnect

A:     LC1 - LC16     0/16(  0%)  15/16( 93%)   0/16(  0%)   0/36(  0%) 
B:    LC17 - LC32     5/16( 31%)   7/15( 46%)   4/16( 25%)  12/36( 33%) 
C:    LC33 - LC48    16/16(100%)   8/16( 50%)  15/16( 93%)  32/36( 88%) 
D:    LC49 - LC64    16/16(100%)  11/15( 73%)  15/16( 93%)  14/36( 38%) 


Total dedicated input pins used:                 1/4      ( 25%)
Total I/O pins used:                            41/62     ( 66%)
Total logic cells used:                         37/64     ( 57%)
Total shareable expanders used:                 17/64     ( 26%)
Total Turbo logic cells used:                   37/64     ( 57%)
Total shareable expanders not available (n/a):  17/64     ( 26%)
Average fan-in:                                  6.21
Total fan-in:                                   230

Total input pins required:                      19
Total output pins required:                     19
Total bidirectional pins required:               0
Total reserved pins required                     4
Total logic cells required:                     37
Total flipflops required:                       26
Total product terms required:                  143
Total logic cells lending parallel expanders:    0
Total shareable expanders in database:          12

Synthesized logic cells:                         0/  64   (  0%)



Device-Specific Information:            e:\max_projects\pcsod_v.2.1\my_alu.rpt
my_alu

** INPUTS **

                                         Shareable
                                         Expanders     Fan-In    Fan-Out
 Pin     LC  LAB  Primitive    Code   Total Shared n/a INP  FBK  OUT  FBK  Name
   8    (6)  (A)      INPUT               0      0   0    0    0    1    0  A0
  93   (15)  (A)      INPUT               0      0   0    0    0    1    0  A1
  94   (14)  (A)      INPUT               0      0   0    0    0    1    0  A2
  96   (13)  (A)      INPUT               0      0   0    0    0    1    0  A3
  97   (12)  (A)      INPUT               0      0   0    0    0    1    0  A4
  98   (11)  (A)      INPUT               0      0   0    0    0    1    0  A5
  99   (10)  (A)      INPUT               0      0   0    0    0    1    0  A6
  92   (16)  (A)      INPUT               0      0   0    0    0    1    1  A7
  31   (22)  (B)      INPUT               0      0   0    0    0    0    1  B0
  25   (25)  (B)      INPUT               0      0   0    0    0    0    1  B1
  23   (26)  (B)      INPUT               0      0   0    0    0    0    1  B2
  36   (18)  (B)      INPUT               0      0   0    0    0    0    1  B3
   6    (7)  (A)      INPUT               0      0   0    0    0    0    1  B4
  13    (2)  (A)      INPUT               0      0   0    0    0    0    1  B5
  12    (3)  (A)      INPUT               0      0   0    0    0    0    1  B6
  10    (4)  (A)      INPUT               0      0   0    0    0    0    2  B7
  87      -   -       INPUT  G            0      0   0    0    0    1    0  CLK
   9    (5)  (A)      INPUT               0      0   0    0    0    1    1  M
  14    (1)  (A)      INPUT               0      0   0    0    0   11   12  STROB


Code:

s = Synthesized pin or logic cell
t = Turbo logic cell
+ = Synchronous flipflop
/ = Slow slew-rate output
! = NOT gate push-back
r = Fitter-inserted logic cell
G = Global Source. Fan-out destinations counted here do not include destinations
that are driven using global routing resources. Refer to the Auto Global Signals,
Clock Signals, Clear Signals, Synchronous Load Signals, and Synchronous Clear Signals
Sections of this Report File for information on which signals' fan-outs are used as
Clock, Clear, Preset, Output Enable, and synchronous Load signals.


Device-Specific Information:            e:\max_projects\pcsod_v.2.1\my_alu.rpt
my_alu

** OUTPUTS **

                                         Shareable
                                         Expanders     Fan-In    Fan-Out
 Pin     LC  LAB  Primitive    Code   Total Shared n/a INP  FBK  OUT  FBK  Name
  84     63    D     OUTPUT      t        0      0   0    0    5    0    0  CLKSDV
  47     39    C     OUTPUT      t        0      0   0    1    3    0    0  CLKWR
  83     62    D     OUTPUT      t        0      0   0    0    2    0    0  Cout
  32     21    B     OUTPUT      t        0      0   0    1    0   11   15  nCLK
  81     61    D     OUTPUT      t        0      0   0    0    2    0    0  P3
  80     60    D     OUTPUT      t        0      0   0    0    2    0    0  R
  79     59    D     OUTPUT      t        0      0   0    0    4    0    0  READ
  76     58    D     OUTPUT      t        0      0   0    0    4    0    0  SDVS
  37     17    B     OUTPUT      t        0      0   0    2    2    0    0  SUB
  41     34    C         FF      t        3      2   1    2    6    0    2  S0 (|reg9:6|:73)
  45     37    C         FF      t        3      2   1    2    6    1    0  S1 (|reg9:6|:23)
  42     35    C         FF      t        3      2   1    2    6    1    0  S2 (|reg9:6|:22)
  46     38    C         FF      t        3      2   1    2    6    1    0  S3 (|reg9:6|:21)
  57     44    C         FF      t        3      2   1    2    6    1    0  S4 (|reg9:6|:20)
  40     33    C         FF      t        3      2   1    2    6    1    0  S5 (|reg9:6|:19)
  63     49    D         FF      t        3      2   1    2    6    1    0  S6 (|reg9:6|:18)
  64     50    D         FF      t        3      2   1    2    6    2    0  S7 (|reg9:6|:17)
  71     55    D     OUTPUT      t        0      0   0    1    2    0    0  WR
  69     54    D     OUTPUT      t        0      0   0    0    5    0    0  xyz


Code:

s = Synthesized pin or logic cell
t = Turbo logic cell
+ = Synchronous flipflop
/ = Slow slew-rate output
! = NOT gate push-back
r = Fitter-inserted logic cell


Device-Specific Information:            e:\max_projects\pcsod_v.2.1\my_alu.rpt
my_alu

** BURIED LOGIC **

                                         Shareable
                                         Expanders     Fan-In    Fan-Out
 Pin     LC  LAB  Primitive    Code   Total Shared n/a INP  FBK  OUT  FBK  Name
   -     51    D       DFFE   +  t        0      0   0    0    4   16   18  |contr_machine:35|Q0 (|contr_machine:35|:8)
 (67)    52    D       DFFE   +  t        0      0   0    1    4   16   18  |contr_machine:35|Q1 (|contr_machine:35|:9)
 (44)    36    C       TFFE      t        1      1   0    0    7   13   16  |counter:10|Q8 (|counter:10|:11)
 (56)    43    C       TFFE      t        1      1   0    0    6    0    1  |counter:10|Q4 (|counter:10|:12)
 (85)    64    D       TFFE      t        1      1   0    0    5    0    2  |counter:10|Q2 (|counter:10|:13)
 (68)    53    D       TFFE      t        1      1   0    0    5   13   16  |counter:10|Q1 (|counter:10|:14)
 (73)    56    D       DFFE      t       10      2   0    2    8    2    0  |reg9:6|Q0 (|reg9:6|:16)
 (61)    47    C       DFFE      t        2      2   0    2    5    0    1  |reg9:7|Q0 (|reg9:7|:16)
 (58)    45    C       DFFE      t        3      2   1    2    6    0    1  |reg9:7|Q1 (|reg9:7|:17)
 (60)    46    C       DFFE      t        3      2   1    2    6    0    1  |reg9:7|Q2 (|reg9:7|:18)
 (62)    48    C       DFFE      t        3      2   1    2    6    0    1  |reg9:7|Q3 (|reg9:7|:19)
 (48)    40    C       DFFE      t        3      2   1    2    6    0    1  |reg9:7|Q4 (|reg9:7|:20)
 (54)    42    C       DFFE      t        3      2   1    2    6    0    1  |reg9:7|Q5 (|reg9:7|:21)
 (21)    27    B       DFFE      t        3      2   1    2    6    0    1  |reg9:7|Q6 (|reg9:7|:22)
 (52)    41    C       DFFE      t        3      2   1    2    6    0    1  |reg9:7|Q7 (|reg9:7|:23)
 (23)    26    B       DFFE      t        3      2   1    2    6    0    2  |reg9:7|Q8 (|reg9:7|:73)
 (25)    25    B       TFFE   +  t        0      0   0    2    2    0    1  :12
 (75)    57    D       DFFE      t        2      0   1    0    7    0    2  :13


Code:

s = Synthesized pin or logic cell
t = Turbo logic cell
+ = Synchronous flipflop
/ = Slow slew-rate output
! = NOT gate push-back
r = Fitter-inserted logic cell


Device-Specific Information:            e:\max_projects\pcsod_v.2.1\my_alu.rpt
my_alu

** LOGIC CELL INTERCONNECTIONS **

Logic Array Block 'B':

                   Logic cells placed in LAB 'B'
        +--------- LC21 nCLK
        | +------- LC27 |reg9:7|Q6
        | | +----- LC26 |reg9:7|Q8
        | | | +--- LC17 SUB
        | | | | +- LC25 :12
        | | | | | 
        | | | | |   Other LABs fed by signals
        | | | | |   that feed LAB 'B'
LC      | | | | | | A B C D |     Logic cells that feed LAB 'B':
LC21 -> - * * - - | - * * * | <-- nCLK

Pin
31   -> - - * - - | - * - - | <-- B0
23   -> - * - - - | - * - - | <-- B2
87   -> * - - - - | - * - - | <-- CLK
9    -> - - - * * | - * - - | <-- M
14   -> - * * * * | - * * * | <-- STROB
LC51 -> - * * * * | - * * * | <-- |contr_machine:35|Q0
LC52 -> - * * * * | - * * * | <-- |contr_machine:35|Q1
LC36 -> - * * - - | - * * * | <-- |counter:10|Q8
LC53 -> - * * - - | - * * * | <-- |counter:10|Q1
LC42 -> - * - - - | - * - - | <-- |reg9:7|Q5
LC41 -> - - * - - | - * - - | <-- |reg9:7|Q7


* = The logic cell or pin is an input to the logic cell (or LAB) through the PIA.
- = The logic cell or pin is not an input to the logic cell (or LAB).


Device-Specific Information:            e:\max_projects\pcsod_v.2.1\my_alu.rpt
my_alu

** LOGIC CELL INTERCONNECTIONS **

Logic Array Block 'C':

                                         Logic cells placed in LAB 'C'
        +------------------------------- LC39 CLKWR
        | +----------------------------- LC36 |counter:10|Q8
        | | +--------------------------- LC43 |counter:10|Q4
        | | | +------------------------- LC47 |reg9:7|Q0
        | | | | +----------------------- LC45 |reg9:7|Q1
        | | | | | +--------------------- LC46 |reg9:7|Q2
        | | | | | | +------------------- LC48 |reg9:7|Q3
        | | | | | | | +----------------- LC40 |reg9:7|Q4
        | | | | | | | | +--------------- LC42 |reg9:7|Q5
        | | | | | | | | | +------------- LC41 |reg9:7|Q7
        | | | | | | | | | | +----------- LC34 S0
        | | | | | | | | | | | +--------- LC37 S1
        | | | | | | | | | | | | +------- LC35 S2
        | | | | | | | | | | | | | +----- LC38 S3
        | | | | | | | | | | | | | | +--- LC44 S4
        | | | | | | | | | | | | | | | +- LC33 S5
        | | | | | | | | | | | | | | | | 
        | | | | | | | | | | | | | | | |   Other LABs fed by signals
        | | | | | | | | | | | | | | | |   that feed LAB 'C'
LC      | | | | | | | | | | | | | | | | | A B C D |     Logic cells that feed LAB 'C':
LC36 -> - * * * * * * * * * * * * * * * | - * * * | <-- |counter:10|Q8
LC43 -> - * * - - - - - - - - - - - - - | - - * - | <-- |counter:10|Q4
LC47 -> - - - - * - - - - - - - - - - - | - - * - | <-- |reg9:7|Q0
LC45 -> - - - - - * - - - - - - - - - - | - - * - | <-- |reg9:7|Q1
LC46 -> - - - - - - * - - - - - - - - - | - - * - | <-- |reg9:7|Q2
LC48 -> - - - - - - - * - - - - - - - - | - - * - | <-- |reg9:7|Q3
LC40 -> - - - - - - - - * - - - - - - - | - - * - | <-- |reg9:7|Q4
LC37 -> - - - - - - - - - - * - - - - - | - - * - | <-- S1
LC35 -> - - - - - - - - - - - * - - - - | - - * - | <-- S2
LC38 -> - - - - - - - - - - - - * - - - | - - * - | <-- S3
LC44 -> - - - - - - - - - - - - - * - - | - - * - | <-- S4
LC33 -> - - - - - - - - - - - - - - * - | - - * - | <-- S5

Pin
8    -> - - - - - - - - - - * - - - - - | - - * - | <-- A0
93   -> - - - - - - - - - - - * - - - - | - - * - | <-- A1
94   -> - - - - - - - - - - - - * - - - | - - * - | <-- A2
96   -> - - - - - - - - - - - - - * - - | - - * - | <-- A3
97   -> - - - - - - - - - - - - - - * - | - - * - | <-- A4
98   -> - - - - - - - - - - - - - - - * | - - * - | <-- A5
25   -> - - - - - - - - - * - - - - - - | - - * - | <-- B1
36   -> - - - - - - - - * - - - - - - - | - - * - | <-- B3
6    -> - - - - - - - * - - - - - - - - | - - * - | <-- B4
13   -> - - - - - - * - - - - - - - - - | - - * - | <-- B5
12   -> - - - - - * - - - - - - - - - - | - - * - | <-- B6
10   -> - - - * * - - - - - - - - - - - | - - * - | <-- B7
87   -> - - - - - - - - - - - - - - - - | - * - - | <-- CLK
14   -> * - - * * * * * * * * * * * * * | - * * * | <-- STROB
LC51 -> * * * * * * * * * * * * * * * * | - * * * | <-- |contr_machine:35|Q0
LC52 -> * * * * * * * * * * * * * * * * | - * * * | <-- |contr_machine:35|Q1
LC64 -> - * * - - - - - - - - - - - - - | - - * - | <-- |counter:10|Q2
LC53 -> - * * * * * * * * * * * * * * * | - * * * | <-- |counter:10|Q1
LC21 -> * * * * * * * * * * * * * * * * | - * * * | <-- nCLK
LC27 -> - - - - - - - - - * - - - - - - | - - * - | <-- |reg9:7|Q6
LC49 -> - - - - - - - - - - - - - - - * | - - * - | <-- S6


* = The logic cell or pin is an input to the logic cell (or LAB) through the PIA.
- = The logic cell or pin is not an input to the logic cell (or LAB).


Device-Specific Information:            e:\max_projects\pcsod_v.2.1\my_alu.rpt
my_alu

** LOGIC CELL INTERCONNECTIONS **

Logic Array Block 'D':

                                         Logic cells placed in LAB 'D'
        +------------------------------- LC63 CLKSDV
        | +----------------------------- LC51 |contr_machine:35|Q0
        | | +--------------------------- LC52 |contr_machine:35|Q1
        | | | +------------------------- LC64 |counter:10|Q2
        | | | | +----------------------- LC53 |counter:10|Q1
        | | | | | +--------------------- LC62 Cout
        | | | | | | +------------------- LC61 P3
        | | | | | | | +----------------- LC60 R
        | | | | | | | | +--------------- LC59 READ
        | | | | | | | | | +------------- LC56 |reg9:6|Q0
        | | | | | | | | | | +----------- LC58 SDVS
        | | | | | | | | | | | +--------- LC49 S6
        | | | | | | | | | | | | +------- LC50 S7
        | | | | | | | | | | | | | +----- LC55 WR
        | | | | | | | | | | | | | | +--- LC54 xyz
        | | | | | | | | | | | | | | | +- LC57 :13
        | | | | | | | | | | | | | | | | 
        | | | | | | | | | | | | | | | |   Other LABs fed by signals
        | | | | | | | | | | | | | | | |   that feed LAB 'D'
LC      | | | | | | | | | | | | | | | | | A B C D |     Logic cells that feed LAB 'D':
LC51 -> * * * * * - - * * * * * * * * * | - * * * | <-- |contr_machine:35|Q0
LC52 -> * * * * * - - * * * * * * * * * | - * * * | <-- |contr_machine:35|Q1
LC53 -> * * * * * - * - * * * * * - * - | - * * * | <-- |counter:10|Q1
LC56 -> - - - - - * - - - - - - * - - - | - - - * | <-- |reg9:6|Q0
LC50 -> - - - - - * - - - - - * - - - - | - - - * | <-- S7
LC57 -> - - - - - - - - - * - - - - - * | - - - * | <-- :13

Pin
99   -> - - - - - - - - - - - * - - - - | - - - * | <-- A6
92   -> - - - - - - - - - * - - * - - - | - - - * | <-- A7
87   -> - - - - - - - - - - - - - - - - | - * - - | <-- CLK
14   -> - - * - - - - - - * - * * * - - | - * * * | <-- STROB
LC36 -> * * * * * - * - * * * * * - * - | - * * * | <-- |counter:10|Q8
LC21 -> * - - * * - - - - * - * * - * * | - * * * | <-- nCLK
LC26 -> - - - - - - - - - * - - - - - * | - - - * | <-- |reg9:7|Q8
LC34 -> - - - - - - - - - * - - - - - * | - - - * | <-- S0
LC25 -> - - - - - - - - - - - - - - - * | - - - * | <-- :12


* = The logic cell or pin is an input to the logic cell (or LAB) through the PIA.
- = The logic cell or pin is not an input to the logic cell (or LAB).


Device-Specific Information:            e:\max_projects\pcsod_v.2.1\my_alu.rpt
my_alu

** EQUATIONS **

A0       : INPUT;
A1       : INPUT;
A2       : INPUT;
A3       : INPUT;
A4       : INPUT;
A5       : INPUT;
A6       : INPUT;
A7       : INPUT;
B0       : INPUT;
B1       : INPUT;
B2       : INPUT;
B3       : INPUT;
B4       : INPUT;
B5       : INPUT;
B6       : INPUT;
B7       : INPUT;
CLK      : INPUT;
M        : INPUT;
STROB    : INPUT;

-- Node name is 'CLKSDV' 
-- Equation name is 'CLKSDV', location is LC063, type is output.
 CLKSDV  = LCELL( _EQ001 $  GND);
  _EQ001 = !_LC036 &  _LC051 &  _LC052 &  nCLK
         #  _LC051 &  _LC052 & !_LC053 &  nCLK;

-- Node name is 'CLKWR' 
-- Equation name is 'CLKWR', location is LC039, type is output.
 CLKWR   = LCELL( _EQ002 $  GND);
  _EQ002 =  _LC051 & !_LC052 &  nCLK &  STROB;

-- Node name is 'Cout' 
-- Equation name is 'Cout', location is LC062, type is output.
 Cout    = LCELL( _LC056 $  S7);

-- Node name is 'nCLK' = ':48' 
-- Equation name is 'nCLK', type is output 
 nCLK    = LCELL( CLK $  GND);

-- Node name is 'P3' 
-- Equation name is 'P3', location is LC061, type is output.
 P3      = LCELL( _EQ003 $  GND);
  _EQ003 =  _LC036 &  _LC053;

-- Node name is 'R' 
-- Equation name is 'R', location is LC060, type is output.
 R       = LCELL( _EQ004 $  GND);
  _EQ004 = !_LC051 & !_LC052;

-- Node name is 'READ' 
-- Equation name is 'READ', location is LC059, type is output.
 READ    = LCELL( _EQ005 $  GND);
  _EQ005 =  _LC036 &  _LC051 &  _LC052 &  _LC053;

-- Node name is 'SDVS' 
-- Equation name is 'SDVS', location is LC058, type is output.
 SDVS    = LCELL( _EQ006 $  GND);
  _EQ006 = !_LC036 &  _LC051 &  _LC052
         #  _LC051 &  _LC052 & !_LC053;

-- Node name is 'SUB' 
-- Equation name is 'SUB', location is LC017, type is output.
 SUB     = LCELL( _EQ007 $  GND);
  _EQ007 =  _LC051 & !_LC052 &  M &  STROB;

-- Node name is 'S0' = '|reg9:6|Q8' 
-- Equation name is 'S0', type is output 
 S0      = DFFE( _EQ008 $  S1,  _EQ009, !_EQ010,  VCC,  VCC);
  _EQ008 =  A0 &  _LC051 & !_LC052 &  STROB & !S1
         # !A0 &  _LC051 & !_LC052 &  STROB &  S1;
  _EQ009 =  _LC051 &  nCLK &  _X001 &  _X002;
  _X001  = EXP(!_LC052 & !STROB);
  _X002  = EXP( _LC036 &  _LC052 &  _LC053);
  _EQ010 = !_LC051 & !_LC052;

-- Node name is 'S1' = '|reg9:6|Q7' 
-- Equation name is 'S1', type is output 
 S1      = DFFE( _EQ011 $  S2,  _EQ012, !_EQ013,  VCC,  VCC);
  _EQ011 =  A1 &  _LC051 & !_LC052 &  STROB & !S2
         # !A1 &  _LC051 & !_LC052 &  STROB &  S2;
  _EQ012 =  _LC051 &  nCLK &  _X001 &  _X002;
  _X001  = EXP(!_LC052 & !STROB);
  _X002  = EXP( _LC036 &  _LC052 &  _LC053);
  _EQ013 = !_LC051 & !_LC052;

-- Node name is 'S2' = '|reg9:6|Q6' 
-- Equation name is 'S2', type is output 
 S2      = DFFE( _EQ014 $  S3,  _EQ015, !_EQ016,  VCC,  VCC);
  _EQ014 =  A2 &  _LC051 & !_LC052 &  STROB & !S3
         # !A2 &  _LC051 & !_LC052 &  STROB &  S3;
  _EQ015 =  _LC051 &  nCLK &  _X001 &  _X002;
  _X001  = EXP(!_LC052 & !STROB);
  _X002  = EXP( _LC036 &  _LC052 &  _LC053);
  _EQ016 = !_LC051 & !_LC052;

-- Node name is 'S3' = '|reg9:6|Q5' 
-- Equation name is 'S3', type is output 
 S3      = DFFE( _EQ017 $  S4,  _EQ018, !_EQ019,  VCC,  VCC);
  _EQ017 =  A3 &  _LC051 & !_LC052 &  STROB & !S4
         # !A3 &  _LC051 & !_LC052 &  STROB &  S4;
  _EQ018 =  _LC051 &  nCLK &  _X001 &  _X002;
  _X001  = EXP(!_LC052 & !STROB);
  _X002  = EXP( _LC036 &  _LC052 &  _LC053);
  _EQ019 = !_LC051 & !_LC052;

-- Node name is 'S4' = '|reg9:6|Q4' 
-- Equation name is 'S4', type is output 
 S4      = DFFE( _EQ020 $  S5,  _EQ021, !_EQ022,  VCC,  VCC);
  _EQ020 =  A4 &  _LC051 & !_LC052 &  STROB & !S5
         # !A4 &  _LC051 & !_LC052 &  STROB &  S5;
  _EQ021 =  _LC051 &  nCLK &  _X001 &  _X002;
  _X001  = EXP(!_LC052 & !STROB);
  _X002  = EXP( _LC036 &  _LC052 &  _LC053);
  _EQ022 = !_LC051 & !_LC052;

-- Node name is 'S5' = '|reg9:6|Q3' 
-- Equation name is 'S5', type is output 
 S5      = DFFE( _EQ023 $  S6,  _EQ024, !_EQ025,  VCC,  VCC);
  _EQ023 =  A5 &  _LC051 & !_LC052 &  STROB & !S6
         # !A5 &  _LC051 & !_LC052 &  STROB &  S6;
  _EQ024 =  _LC051 &  nCLK &  _X001 &  _X002;
  _X001  = EXP(!_LC052 & !STROB);
  _X002  = EXP( _LC036 &  _LC052 &  _LC053);
  _EQ025 = !_LC051 & !_LC052;

-- Node name is 'S6' = '|reg9:6|Q2' 
-- Equation name is 'S6', type is output 
 S6      = DFFE( _EQ026 $  S7,  _EQ027, !_EQ028,  VCC,  VCC);
  _EQ026 =  A6 &  _LC051 & !_LC052 &  STROB & !S7
         # !A6 &  _LC051 & !_LC052 &  STROB &  S7;
  _EQ027 =  _LC051 &  nCLK &  _X001 &  _X002;
  _X001  = EXP(!_LC052 & !STROB);
  _X002  = EXP( _LC036 &  _LC052 &  _LC053);
  _EQ028 = !_LC051 & !_LC052;

-- Node name is 'S7' = '|reg9:6|Q1' 
-- Equation name is 'S7', type is output 
 S7      = DFFE( _EQ029 $  _LC056,  _EQ030, !_EQ031,  VCC,  VCC);
  _EQ029 =  A7 &  _LC051 & !_LC052 & !_LC056 &  STROB
         # !A7 &  _LC051 & !_LC052 &  _LC056 &  STROB;
  _EQ030 =  _LC051 &  nCLK &  _X001 &  _X002;
  _X001  = EXP(!_LC052 & !STROB);
  _X002  = EXP( _LC036 &  _LC052 &  _LC053);
  _EQ031 = !_LC051 & !_LC052;

-- Node name is 'WR' 
-- Equation name is 'WR', location is LC055, type is output.
 WR      = LCELL( _EQ032 $  GND);
  _EQ032 =  _LC051 & !_LC052 &  STROB;

-- Node name is 'xyz' 
-- Equation name is 'xyz', location is LC054, type is output.
 xyz     = LCELL( _EQ033 $  GND);
  _EQ033 = !_LC036 &  _LC051 &  _LC052 &  nCLK
         #  _LC051 &  _LC052 & !_LC053 &  nCLK;

-- Node name is '|contr_machine:35|:8' = '|contr_machine:35|Q0' 
-- Equation name is '_LC051', type is buried 
_LC051   = DFFE( _EQ034 $  VCC, GLOBAL( CLK),  VCC,  VCC,  VCC);
  _EQ034 =  _LC036 &  _LC052 &  _LC053
         # !_LC051 &  _LC052;

-- Node name is '|contr_machine:35|:9' = '|contr_machine:35|Q1' 
-- Equation name is '_LC052', type is buried 
_LC052   = DFFE( _EQ035 $  _LC051, GLOBAL( CLK),  VCC,  VCC,  VCC);
  _EQ035 =  _LC036 &  _LC051 &  _LC052 &  _LC053
         #  _LC051 & !_LC052 & !STROB;

-- Node name is '|counter:10|:14' = '|counter:10|Q1' 
-- Equation name is '_LC053', type is buried 
_LC053   = TFFE( VCC,  _EQ036, !_EQ037,  VCC,  VCC);
  _EQ036 =  _LC051 &  _LC052 &  nCLK &  _X003;
  _X003  = EXP( _LC036 &  _LC053);
  _EQ037 = !_LC051 & !_LC052;

-- Node name is '|counter:10|:13' = '|counter:10|Q2' 
-- Equation name is '_LC064', type is buried 
_LC064   = TFFE( _LC053,  _EQ038, !_EQ039,  VCC,  VCC);
  _EQ038 =  _LC051 &  _LC052 &  nCLK &  _X003;
  _X003  = EXP( _LC036 &  _LC053);
  _EQ039 = !_LC051 & !_LC052;

-- Node name is '|counter:10|:12' = '|counter:10|Q4' 
-- Equation name is '_LC043', type is buried 
_LC043   = TFFE( _EQ040,  _EQ041, !_EQ042,  VCC,  VCC);
  _EQ040 =  _LC053 &  _LC064;
  _EQ041 =  _LC051 &  _LC052 &  nCLK &  _X003;
  _X003  = EXP( _LC036 &  _LC053);
  _EQ042 = !_LC051 & !_LC052;

-- Node name is '|counter:10|:11' = '|counter:10|Q8' 
-- Equation name is '_LC036', type is buried 
_LC036   = TFFE( _EQ043,  _EQ044, !_EQ045,  VCC,  VCC);
  _EQ043 =  _LC043 &  _LC053 &  _LC064;
  _EQ044 =  _LC051 &  _LC052 &  nCLK &  _X003;
  _X003  = EXP( _LC036 &  _LC053);
  _EQ045 = !_LC051 & !_LC052;

-- Node name is '|reg9:6|:16' = '|reg9:6|Q0' 
-- Equation name is '_LC056', type is buried 
_LC056   = DFFE( _EQ046 $ !S0,  _EQ047, !_EQ048,  VCC,  VCC);
  _EQ046 =  _X004 &  _X005 &  _X006 &  _X007 &  _X008 &  _X009 &  _X010 & 
              _X011;
  _X004  = EXP(!A7 &  _LC051 & !_LC052 &  STROB &  S0);
  _X005  = EXP( A7 &  _LC051 & !_LC052 &  STROB & !S0);
  _X006  = EXP( _LC026 &  _LC052 & !_LC057);
  _X007  = EXP(!_LC026 &  _LC052 &  _LC057);
  _X008  = EXP( _LC026 & !_LC057 & !STROB);
  _X009  = EXP( _LC026 & !_LC051 & !_LC057);
  _X010  = EXP(!_LC026 &  _LC057 & !STROB);
  _X011  = EXP(!_LC026 & !_LC051 &  _LC057);
  _EQ047 =  _LC051 &  nCLK &  _X001 &  _X002;
  _X001  = EXP(!_LC052 & !STROB);
  _X002  = EXP( _LC036 &  _LC052 &  _LC053);
  _EQ048 = !_LC051 & !_LC052;

-- Node name is '|reg9:7|:16' = '|reg9:7|Q0' 
-- Equation name is '_LC047', type is buried 
_LC047   = DFFE( _EQ049 $  VCC,  _EQ050, !_EQ051,  VCC,  VCC);
  _EQ049 = !B7 &  _LC051 & !_LC052 &  STROB;
  _EQ050 =  _LC051 &  nCLK &  _X001 &  _X002;
  _X001  = EXP(!_LC052 & !STROB);
  _X002  = EXP( _LC036 &  _LC052 &  _LC053);
  _EQ051 = !_LC051 & !_LC052;

-- Node name is '|reg9:7|:17' = '|reg9:7|Q1' 
-- Equation name is '_LC045', type is buried 
_LC045   = DFFE( _EQ052 $  _LC047,  _EQ053, !_EQ054,  VCC,  VCC);
  _EQ052 =  B7 & !_LC047 &  _LC051 & !_LC052 &  STROB
         # !B7 &  _LC047 &  _LC051 & !_LC052 &  STROB;
  _EQ053 =  _LC051 &  nCLK &  _X001 &  _X002;
  _X001  = EXP(!_LC052 & !STROB);
  _X002  = EXP( _LC036 &  _LC052 &  _LC053);
  _EQ054 = !_LC051 & !_LC052;

-- Node name is '|reg9:7|:18' = '|reg9:7|Q2' 
-- Equation name is '_LC046', type is buried 
_LC046   = DFFE( _EQ055 $  _LC045,  _EQ056, !_EQ057,  VCC,  VCC);
  _EQ055 =  B6 & !_LC045 &  _LC051 & !_LC052 &  STROB
         # !B6 &  _LC045 &  _LC051 & !_LC052 &  STROB;
  _EQ056 =  _LC051 &  nCLK &  _X001 &  _X002;
  _X001  = EXP(!_LC052 & !STROB);
  _X002  = EXP( _LC036 &  _LC052 &  _LC053);
  _EQ057 = !_LC051 & !_LC052;

-- Node name is '|reg9:7|:19' = '|reg9:7|Q3' 
-- Equation name is '_LC048', type is buried 
_LC048   = DFFE( _EQ058 $  _LC046,  _EQ059, !_EQ060,  VCC,  VCC);
  _EQ058 =  B5 & !_LC046 &  _LC051 & !_LC052 &  STROB
         # !B5 &  _LC046 &  _LC051 & !_LC052 &  STROB;
  _EQ059 =  _LC051 &  nCLK &  _X001 &  _X002;
  _X001  = EXP(!_LC052 & !STROB);
  _X002  = EXP( _LC036 &  _LC052 &  _LC053);
  _EQ060 = !_LC051 & !_LC052;

-- Node name is '|reg9:7|:20' = '|reg9:7|Q4' 
-- Equation name is '_LC040', type is buried 
_LC040   = DFFE( _EQ061 $  _LC048,  _EQ062, !_EQ063,  VCC,  VCC);
  _EQ061 =  B4 & !_LC048 &  _LC051 & !_LC052 &  STROB
         # !B4 &  _LC048 &  _LC051 & !_LC052 &  STROB;
  _EQ062 =  _LC051 &  nCLK &  _X001 &  _X002;
  _X001  = EXP(!_LC052 & !STROB);
  _X002  = EXP( _LC036 &  _LC052 &  _LC053);
  _EQ063 = !_LC051 & !_LC052;

-- Node name is '|reg9:7|:21' = '|reg9:7|Q5' 
-- Equation name is '_LC042', type is buried 
_LC042   = DFFE( _EQ064 $  _LC040,  _EQ065, !_EQ066,  VCC,  VCC);
  _EQ064 =  B3 & !_LC040 &  _LC051 & !_LC052 &  STROB
         # !B3 &  _LC040 &  _LC051 & !_LC052 &  STROB;
  _EQ065 =  _LC051 &  nCLK &  _X001 &  _X002;
  _X001  = EXP(!_LC052 & !STROB);
  _X002  = EXP( _LC036 &  _LC052 &  _LC053);
  _EQ066 = !_LC051 & !_LC052;

-- Node name is '|reg9:7|:22' = '|reg9:7|Q6' 
-- Equation name is '_LC027', type is buried 
_LC027   = DFFE( _EQ067 $  _LC042,  _EQ068, !_EQ069,  VCC,  VCC);
  _EQ067 =  B2 & !_LC042 &  _LC051 & !_LC052 &  STROB
         # !B2 &  _LC042 &  _LC051 & !_LC052 &  STROB;
  _EQ068 =  _LC051 &  nCLK &  _X001 &  _X002;
  _X001  = EXP(!_LC052 & !STROB);
  _X002  = EXP( _LC036 &  _LC052 &  _LC053);
  _EQ069 = !_LC051 & !_LC052;

-- Node name is '|reg9:7|:23' = '|reg9:7|Q7' 
-- Equation name is '_LC041', type is buried 
_LC041   = DFFE( _EQ070 $  _LC027,  _EQ071, !_EQ072,  VCC,  VCC);
  _EQ070 =  B1 & !_LC027 &  _LC051 & !_LC052 &  STROB
         # !B1 &  _LC027 &  _LC051 & !_LC052 &  STROB;
  _EQ071 =  _LC051 &  nCLK &  _X001 &  _X002;
  _X001  = EXP(!_LC052 & !STROB);
  _X002  = EXP( _LC036 &  _LC052 &  _LC053);
  _EQ072 = !_LC051 & !_LC052;

-- Node name is '|reg9:7|:73' = '|reg9:7|Q8' 
-- Equation name is '_LC026', type is buried 
_LC026   = DFFE( _EQ073 $  _LC041,  _EQ074, !_EQ075,  VCC,  VCC);
  _EQ073 =  B0 & !_LC041 &  _LC051 & !_LC052 &  STROB
         # !B0 &  _LC041 &  _LC051 & !_LC052 &  STROB;
  _EQ074 =  _LC051 &  nCLK &  _X001 &  _X002;
  _X001  = EXP(!_LC052 & !STROB);
  _X002  = EXP( _LC036 &  _LC052 &  _LC053);
  _EQ075 = !_LC051 & !_LC052;

-- Node name is ':12' 
-- Equation name is '_LC025', type is buried 
_LC025   = TFFE( _EQ076, GLOBAL( CLK), !_EQ077,  VCC,  VCC);
  _EQ076 =  _LC051 & !_LC052 &  M &  STROB;
  _EQ077 = !_LC051 & !_LC052;

-- Node name is ':13' 
-- Equation name is '_LC057', type is buried 
_LC057   = DFFE( _EQ078 $  GND,  nCLK, !_EQ079,  VCC,  VCC);
  _EQ078 =  _LC025 & !S0 &  _X012
         # !_LC025 &  S0 &  _X012
         #  _LC026 &  _LC057;
  _X012  = EXP(!_LC026 & !_LC057);
  _EQ079 = !_LC051 & !_LC052;



--     Shareable expanders that are duplicated in multiple LABs:
--    _X001 occurs in LABs B, C, D
--    _X002 occurs in LABs B, C, D
--    _X003 occurs in LABs C, D




Project Information                     e:\max_projects\pcsod_v.2.1\my_alu.rpt

** COMPILATION SETTINGS & TIMES **

Processing Menu Commands
------------------------

Design Doctor                             = off

Logic Synthesis:

   Synthesis Type Used                    = Standard

   Default Synthesis Style                = NORMAL

      Logic option settings in 'NORMAL' style for 'MAX3000A' family

      DECOMPOSE_GATES                     = on
      DUPLICATE_LOGIC_EXTRACTION          = on
      MINIMIZATION                        = full
      MULTI_LEVEL_FACTORING               = on
      NOT_GATE_PUSH_BACK                  = on
      PARALLEL_EXPANDERS                  = off
      REDUCE_LOGIC                        = on
      REFACTORIZATION                     = on
      REGISTER_OPTIMIZATION               = on
      RESYNTHESIZE_NETWORK                = on
      SLOW_SLEW_RATE                      = off
      SOFT_BUFFER_INSERTION               = on
      SUBFACTOR_EXTRACTION                = on
      TURBO_BIT                           = on
      XOR_SYNTHESIS                       = on
      IGNORE_SOFT_BUFFERS                 = off
      USE_LPM_FOR_AHDL_OPERATORS          = off

   Other logic synthesis settings:

      Automatic Global Clock              = on
      Automatic Global Clear              = on
      Automatic Global Preset             = on
      Automatic Global Output Enable      = on
      Automatic Fast I/O                  = off
      Automatic Register Packing          = off
      Automatic Open-Drain Pins           = on
      Automatic Implement in EAB          = off
      One-Hot State Machine Encoding      = off
      Optimize                            = 5

Default Timing Specifications: None

Cut All Bidir Feedback Timing Paths       = on
Cut All Clear & Preset Timing Paths       = on

Ignore Timing Assignments                 = off

Functional SNF Extractor                  = off

Linked SNF Extractor                      = off
Timing SNF Extractor                      = on
Optimize Timing SNF                       = off
Generate AHDL TDO File                    = off
Fitter Settings                           = NORMAL
Smart Recompile                           = off
Total Recompile                           = off

Interfaces Menu Commands
------------------------

EDIF Netlist Writer                       = off
Verilog Netlist Writer                    = off
VHDL Netlist Writer                       = off

Compilation Times
-----------------

   Compiler Netlist Extractor             00:00:00
   Database Builder                       00:00:00
   Logic Synthesizer                      00:00:00
   Partitioner                            00:00:00
   Fitter                                 00:00:02
   Timing SNF Extractor                   00:00:00
   Assembler                              00:00:00
   --------------------------             --------
   Total Time                             00:00:02


Memory Allocated
-----------------

Peak memory allocated during compilation  = 5,052K
