Project Information         d:\programmes\max\max_projects\pcsod_kurs\alu8.rpt

MAX+plus II Compiler Report File
Version 10.23 07/09/2003
Compiled: 03/10/2020 23:14:58

Copyright (C) 1988-2003 Altera Corporation
Any megafunction design, and related net list (encrypted or decrypted),
support information, device programming or simulation file, and any other
associated documentation or information provided by Altera or a partner
under Altera's Megafunction Partnership Program may be used only to
program PLD devices (but not masked PLD devices) from Altera.  Any other
use of such megafunction design, net list, support information, device
programming or simulation file, or any other related documentation or
information is prohibited for any other purpose, including, but not
limited to modification, reverse engineering, de-compiling, or use with
any other silicon devices, unless such use is explicitly licensed under
a separate agreement with Altera or a megafunction partner.  Title to
the intellectual property, including patents, copyrights, trademarks,
trade secrets, or maskworks, embodied in any such megafunction design,
net list, support information, device programming or simulation file, or
any other related documentation or information provided by Altera or a
megafunction partner, remains with Altera, the megafunction partner, or
their respective licensors.  No other licenses, including any licenses
needed under any third party's intellectual property, are provided herein.



***** Project compilation was successful




** DEVICE SUMMARY **

Chip/                     Input   Output   Bidir         Shareable
POF       Device          Pins    Pins     Pins     LCs  Expanders  % Utilized

alu8      EPM3064ATC100-4  19       20       0      32      15          50 %

User Pins:                 19       20       0  



Project Information         d:\programmes\max\max_projects\pcsod_kurs\alu8.rpt

** AUTO GLOBAL SIGNALS **



INFO: Signal 'CLK' chosen for auto global Clock


Project Information         d:\programmes\max\max_projects\pcsod_kurs\alu8.rpt

** FILE HIERARCHY **



|register8:7|
|register8:6|
|alu:8|
|counter8:11|
|main_machine:13|


Device-Specific Information:d:\programmes\max\max_projects\pcsod_kurs\alu8.rpt
alu8

***** Logic for device 'alu8' compiled without errors.




Device: EPM3064ATC100-4

Device Options:
    Turbo Bit                                    = ON
    Security Bit                                 = OFF
    Enable JTAG Support                        = ON
    User Code                                  = ffffffff
    MultiVolt I/O                              = OFF

                                                    R R          
                                                    E E          
                                V           C       S S          
                                C           L   W V E E R        
                                C           K R R C R R E   N    
                        G       I G G G C G S E I C V V S G .    
              B A A A A N A A A N N N N L N D A T I E E E N C Z  
              3 4 5 6 3 D 2 1 7 T D D D K D V D E O D D T D . 0  
            ----------------------------------------------------_ 
           / 100  98  96  94  92  90  88  86  84  82  80  78  76   |_ 
          /     99  97  95  93  91  89  87  85  83  81  79  77    | 
    N.C. |  1                                                    75 | Z2 
    N.C. |  2                                                    74 | GND 
   VCCIO |  3                                                    73 | #TDO 
    #TDI |  4                                                    72 | N.C. 
    N.C. |  5                                                    71 | SDVIG 
      B4 |  6                                                    70 | N.C. 
    N.C. |  7                                                    69 | Si 
      A0 |  8                                                    68 | Z1 
       M |  9                                                    67 | S7 
      B7 | 10                                                    66 | VCCIO 
     GND | 11                                                    65 | GND 
      B6 | 12                                                    64 | SUB 
      B5 | 13                  EPM3064ATC100-4                   63 | Z3 
   STROB | 14                                                    62 | #TCK 
    #TMS | 15                                                    61 | RESERVED 
RESERVED | 16                                                    60 | S4 
RESERVED | 17                                                    59 | GND 
   VCCIO | 18                                                    58 | RESERVED 
RESERVED | 19                                                    57 | S0 
RESERVED | 20                                                    56 | RESERVED 
RESERVED | 21                                                    55 | N.C. 
    N.C. | 22                                                    54 | RESERVED 
      B1 | 23                                                    53 | GND 
    N.C. | 24                                                    52 | RESERVED 
      B2 | 25                                                    51 | VCCIO 
         |      27  29  31  33  35  37  39  41  43  45  47  49  _| 
          \   26  28  30  32  34  36  38  40  42  44  46  48  50   | 
           \----------------------------------------------------- 
              G N N R R B S G V R R R G V S R C G S S S R R N N  
              N . . E E 0 6 N C E E E N C 3 E L N 5 2 1 E E . .  
              D C C S S     D C S S S D C   S K D       S S C C  
                . . E E       I E E E   I   E W         E E . .  
                    R R       O R R R   N   R R         R R      
                    V V         V V V   T   V           V V      
                    E E         E E E       E           E E      
                    D D         D D D       D           D D      


N.C. = No Connect. This pin has no internal connection to the device.
VCCINT = Dedicated power pin, which MUST be connected to VCC (3.3 volts).
VCCIO = Dedicated power pin, which MUST be connected to VCC (3.3 volts).
GND = Dedicated ground pin or unused dedicated input, which MUST be connected to GND.
RESERVED = Unused I/O pin, which MUST be left unconnected.

^ = Dedicated configuration pin.
+ = Reserved configuration pin, which is tri-stated during user mode.
* = Reserved configuration pin, which drives out in user mode.
PDn = Power Down pin. 
@ = Special-purpose pin. 
# = JTAG Boundary-Scan Testing/In-System Programming or Configuration Pin. The JTAG inputs TMS and TDI should be tied to VCC and TCK should be tied to GND when not in use.
& = JTAG pin used for I/O. When used as user I/O, JTAG pins must be kept stable before and during configuration.  JTAG pin stability prevents accidental loading of JTAG instructions.


Device-Specific Information:d:\programmes\max\max_projects\pcsod_kurs\alu8.rpt
alu8

** RESOURCE USAGE **

                                                Shareable     External
Logic Array Block     Logic Cells   I/O Pins    Expanders   Interconnect

A:     LC1 - LC16     0/16(  0%)  16/16(100%)   0/16(  0%)   0/36(  0%) 
B:    LC17 - LC32     2/16( 12%)   5/15( 33%)   3/16( 18%)   8/36( 22%) 
C:    LC33 - LC48    14/16( 87%)   8/16( 50%)  15/16( 93%)  31/36( 86%) 
D:    LC49 - LC64    16/16(100%)  13/15( 86%)  12/16( 75%)  15/36( 41%) 


Total dedicated input pins used:                 1/4      ( 25%)
Total I/O pins used:                            42/62     ( 67%)
Total logic cells used:                         32/64     ( 50%)
Total shareable expanders used:                 15/64     ( 23%)
Total Turbo logic cells used:                   32/64     ( 50%)
Total shareable expanders not available (n/a):  15/64     ( 23%)
Average fan-in:                                  5.75
Total fan-in:                                   184

Total input pins required:                      19
Total output pins required:                     20
Total bidirectional pins required:               0
Total reserved pins required                     4
Total logic cells required:                     32
Total flipflops required:                       24
Total product terms required:                  125
Total logic cells lending parallel expanders:    0
Total shareable expanders in database:          11

Synthesized logic cells:                         0/  64   (  0%)



Device-Specific Information:d:\programmes\max\max_projects\pcsod_kurs\alu8.rpt
alu8

** INPUTS **

                                         Shareable
                                         Expanders     Fan-In    Fan-Out
 Pin     LC  LAB  Primitive    Code   Total Shared n/a INP  FBK  OUT  FBK  Name
   8    (6)  (A)      INPUT               0      0   0    0    0    1    0  A0
  93   (15)  (A)      INPUT               0      0   0    0    0    1    0  A1
  94   (14)  (A)      INPUT               0      0   0    0    0    1    0  A2
  96   (13)  (A)      INPUT               0      0   0    0    0    1    0  A3
  99   (10)  (A)      INPUT               0      0   0    0    0    1    0  A4
  98   (11)  (A)      INPUT               0      0   0    0    0    1    0  A5
  97   (12)  (A)      INPUT               0      0   0    0    0    1    0  A6
  92   (16)  (A)      INPUT               0      0   0    0    0    1    0  A7
  31   (22)  (B)      INPUT               0      0   0    0    0    0    1  B0
  23   (26)  (B)      INPUT               0      0   0    0    0    0    1  B1
  25   (25)  (B)      INPUT               0      0   0    0    0    0    1  B2
 100    (9)  (A)      INPUT               0      0   0    0    0    0    1  B3
   6    (7)  (A)      INPUT               0      0   0    0    0    0    1  B4
  13    (2)  (A)      INPUT               0      0   0    0    0    0    1  B5
  12    (3)  (A)      INPUT               0      0   0    0    0    0    1  B6
  10    (4)  (A)      INPUT               0      0   0    0    0    0    1  B7
  87      -   -       INPUT  G            0      0   0    0    0    0    1  CLK
   9    (5)  (A)      INPUT               0      0   0    0    0    1    0  M
  14    (1)  (A)      INPUT               0      0   0    0    0   11    9  STROB


Code:

s = Synthesized pin or logic cell
t = Turbo logic cell
+ = Synchronous flipflop
/ = Slow slew-rate output
! = NOT gate push-back
r = Fitter-inserted logic cell
G = Global Source. Fan-out destinations counted here do not include destinations
that are driven using global routing resources. Refer to the Auto Global Signals,
Clock Signals, Clear Signals, Synchronous Load Signals, and Synchronous Clear Signals
Sections of this Report File for information on which signals' fan-outs are used as
Clock, Clear, Preset, Output Enable, and synchronous Load signals.


Device-Specific Information:d:\programmes\max\max_projects\pcsod_kurs\alu8.rpt
alu8

** OUTPUTS **

                                         Shareable
                                         Expanders     Fan-In    Fan-Out
 Pin     LC  LAB  Primitive    Code   Total Shared n/a INP  FBK  OUT  FBK  Name
  85     64    D     OUTPUT      t        0      0   0    0    4    0    0  CLKSDV
  42     35    C     OUTPUT      t        0      0   0    1    3    0    0  CLKWR
  84     63    D     OUTPUT      t        0      0   0    0    3    0    0  READ
  79     59    D     OUTPUT      t        0      0   0    0    2    0    0  RESET
  71     55    D     OUTPUT      t        0      0   0    0    3    0    0  SDVIG
  69     54    D     OUTPUT      t        0      0   0    0    3    0    0  Si
  64     50    D         FF   +  t        0      0   0    2    2    0    1  SUB
  57     44    C         FF      t        3      2   1    2    5    2    1  S0 (|register8:6|:52)
  46     38    C         FF      t        3      2   1    2    5    1    0  S1 (|register8:6|:46)
  45     37    C         FF      t        3      2   1    2    5    1    0  S2 (|register8:6|:40)
  40     33    C         FF      t        3      2   1    2    5    1    0  S3 (|register8:6|:34)
  60     46    C         FF      t        3      2   1    2    5    1    0  S4 (|register8:6|:13)
  44     36    C         FF      t        3      2   1    2    5    1    0  S5 (|register8:6|:12)
  32     21    B         FF      t        3      2   1    2    5    1    0  S6 (|register8:6|:11)
  67     52    D         FF      t       10      2   0    2    7    1    0  S7 (|register8:6|:10)
  83     62    D     OUTPUT      t        0      0   0    1    2    0    0  WRITE
  76     58    D         FF      t        0      0   0    0    4    3    0  Z0 (|counter8:11|:2)
  68     53    D         FF      t        0      0   0    0    5    2    0  Z1 (|counter8:11|:4)
  75     57    D         FF      t        0      0   0    0    6    1    0  Z2 (|counter8:11|:5)
  63     49    D         FF      t        0      0   0    0    7   15   11  Z3 (|counter8:11|:6)


Code:

s = Synthesized pin or logic cell
t = Turbo logic cell
+ = Synchronous flipflop
/ = Slow slew-rate output
! = NOT gate push-back
r = Fitter-inserted logic cell


Device-Specific Information:d:\programmes\max\max_projects\pcsod_kurs\alu8.rpt
alu8

** BURIED LOGIC **

                                         Shareable
                                         Expanders     Fan-In    Fan-Out
 Pin     LC  LAB  Primitive    Code   Total Shared n/a INP  FBK  OUT  FBK  Name
 (73)    56    D       TFFE   +  t        0      0   0    1    3   19   11  |main_machine:13|:110
 (80)    60    D       DFFE   +  t        0      0   0    0    3   19   11  |main_machine:13|:111
 (81)    61    D       DFFE      t        2      2   0    2    4    0    1  |register8:7|Q0 (|register8:7|:10)
 (52)    41    C       DFFE      t        3      2   1    2    5    0    1  |register8:7|Q1 (|register8:7|:11)
 (61)    47    C       DFFE      t        3      2   1    2    5    0    1  |register8:7|Q2 (|register8:7|:12)
 (54)    42    C       DFFE      t        3      2   1    2    5    0    1  |register8:7|Q3 (|register8:7|:13)
 (56)    43    C       DFFE      t        3      2   1    2    5    0    1  |register8:7|Q4 (|register8:7|:34)
 (58)    45    C       DFFE      t        3      2   1    2    5    0    1  |register8:7|Q5 (|register8:7|:40)
 (48)    40    C       DFFE      t        3      2   1    2    5    0    1  |register8:7|Q6 (|register8:7|:46)
 (47)    39    C       DFFE      t        3      2   1    2    5    2    1  |register8:7|Q7 (|register8:7|:52)
   -     51    D       DFFE      t        2      0   1    0    8    2    1  :9
 (31)    22    B      LCELL      t        0      0   0    1    0   14    9  :31


Code:

s = Synthesized pin or logic cell
t = Turbo logic cell
+ = Synchronous flipflop
/ = Slow slew-rate output
! = NOT gate push-back
r = Fitter-inserted logic cell


Device-Specific Information:d:\programmes\max\max_projects\pcsod_kurs\alu8.rpt
alu8

** LOGIC CELL INTERCONNECTIONS **

Logic Array Block 'B':

             Logic cells placed in LAB 'B'
        +--- LC21 S6
        | +- LC22 :31
        | | 
        | |   Other LABs fed by signals
        | |   that feed LAB 'B'
LC      | | | A B C D |     Logic cells that feed LAB 'B':
LC22 -> * - | - * * * | <-- :31

Pin
97   -> * - | - * - - | <-- A6
87   -> - * | - * - - | <-- CLK
14   -> * - | - * * * | <-- STROB
LC56 -> * - | - * * * | <-- |main_machine:13|:110
LC60 -> * - | - * * * | <-- |main_machine:13|:111
LC52 -> * - | - * - - | <-- S7
LC49 -> * - | - * * * | <-- Z3


* = The logic cell or pin is an input to the logic cell (or LAB) through the PIA.
- = The logic cell or pin is not an input to the logic cell (or LAB).


Device-Specific Information:d:\programmes\max\max_projects\pcsod_kurs\alu8.rpt
alu8

** LOGIC CELL INTERCONNECTIONS **

Logic Array Block 'C':

                                     Logic cells placed in LAB 'C'
        +--------------------------- LC35 CLKWR
        | +------------------------- LC41 |register8:7|Q1
        | | +----------------------- LC47 |register8:7|Q2
        | | | +--------------------- LC42 |register8:7|Q3
        | | | | +------------------- LC43 |register8:7|Q4
        | | | | | +----------------- LC45 |register8:7|Q5
        | | | | | | +--------------- LC40 |register8:7|Q6
        | | | | | | | +------------- LC39 |register8:7|Q7
        | | | | | | | | +----------- LC44 S0
        | | | | | | | | | +--------- LC38 S1
        | | | | | | | | | | +------- LC37 S2
        | | | | | | | | | | | +----- LC33 S3
        | | | | | | | | | | | | +--- LC46 S4
        | | | | | | | | | | | | | +- LC36 S5
        | | | | | | | | | | | | | | 
        | | | | | | | | | | | | | |   Other LABs fed by signals
        | | | | | | | | | | | | | |   that feed LAB 'C'
LC      | | | | | | | | | | | | | | | A B C D |     Logic cells that feed LAB 'C':
LC41 -> - - * - - - - - - - - - - - | - - * - | <-- |register8:7|Q1
LC47 -> - - - * - - - - - - - - - - | - - * - | <-- |register8:7|Q2
LC42 -> - - - - * - - - - - - - - - | - - * - | <-- |register8:7|Q3
LC43 -> - - - - - * - - - - - - - - | - - * - | <-- |register8:7|Q4
LC45 -> - - - - - - * - - - - - - - | - - * - | <-- |register8:7|Q5
LC40 -> - - - - - - - * - - - - - - | - - * - | <-- |register8:7|Q6
LC38 -> - - - - - - - - * - - - - - | - - * - | <-- S1
LC37 -> - - - - - - - - - * - - - - | - - * - | <-- S2
LC33 -> - - - - - - - - - - * - - - | - - * - | <-- S3
LC46 -> - - - - - - - - - - - * - - | - - * - | <-- S4
LC36 -> - - - - - - - - - - - - * - | - - * - | <-- S5

Pin
8    -> - - - - - - - - * - - - - - | - - * - | <-- A0
93   -> - - - - - - - - - * - - - - | - - * - | <-- A1
94   -> - - - - - - - - - - * - - - | - - * - | <-- A2
96   -> - - - - - - - - - - - * - - | - - * - | <-- A3
99   -> - - - - - - - - - - - - * - | - - * - | <-- A4
98   -> - - - - - - - - - - - - - * | - - * - | <-- A5
31   -> - - - - - - - * - - - - - - | - - * - | <-- B0
23   -> - - - - - - * - - - - - - - | - - * - | <-- B1
25   -> - - - - - * - - - - - - - - | - - * - | <-- B2
100  -> - - - - * - - - - - - - - - | - - * - | <-- B3
6    -> - - - * - - - - - - - - - - | - - * - | <-- B4
13   -> - - * - - - - - - - - - - - | - - * - | <-- B5
12   -> - * - - - - - - - - - - - - | - - * - | <-- B6
87   -> - - - - - - - - - - - - - - | - * - - | <-- CLK
14   -> * * * * * * * * * * * * * * | - * * * | <-- STROB
LC56 -> * * * * * * * * * * * * * * | - * * * | <-- |main_machine:13|:110
LC60 -> * * * * * * * * * * * * * * | - * * * | <-- |main_machine:13|:111
LC61 -> - * - - - - - - - - - - - - | - - * - | <-- |register8:7|Q0
LC21 -> - - - - - - - - - - - - - * | - - * - | <-- S6
LC49 -> - * * * * * * * * * * * * * | - * * * | <-- Z3
LC22 -> * * * * * * * * * * * * * * | - * * * | <-- :31


* = The logic cell or pin is an input to the logic cell (or LAB) through the PIA.
- = The logic cell or pin is not an input to the logic cell (or LAB).


Device-Specific Information:d:\programmes\max\max_projects\pcsod_kurs\alu8.rpt
alu8

** LOGIC CELL INTERCONNECTIONS **

Logic Array Block 'D':

                                         Logic cells placed in LAB 'D'
        +------------------------------- LC64 CLKSDV
        | +----------------------------- LC56 |main_machine:13|:110
        | | +--------------------------- LC60 |main_machine:13|:111
        | | | +------------------------- LC63 READ
        | | | | +----------------------- LC61 |register8:7|Q0
        | | | | | +--------------------- LC59 RESET
        | | | | | | +------------------- LC55 SDVIG
        | | | | | | | +----------------- LC54 Si
        | | | | | | | | +--------------- LC50 SUB
        | | | | | | | | | +------------- LC52 S7
        | | | | | | | | | | +----------- LC62 WRITE
        | | | | | | | | | | | +--------- LC58 Z0
        | | | | | | | | | | | | +------- LC53 Z1
        | | | | | | | | | | | | | +----- LC57 Z2
        | | | | | | | | | | | | | | +--- LC49 Z3
        | | | | | | | | | | | | | | | +- LC51 :9
        | | | | | | | | | | | | | | | | 
        | | | | | | | | | | | | | | | |   Other LABs fed by signals
        | | | | | | | | | | | | | | | |   that feed LAB 'D'
LC      | | | | | | | | | | | | | | | | | A B C D |     Logic cells that feed LAB 'D':
LC56 -> * * * * * * * - * * * * * * * * | - * * * | <-- |main_machine:13|:110
LC60 -> * * * * * * * - * * * * * * * * | - * * * | <-- |main_machine:13|:111
LC50 -> - - - - - - - - * - - - - - - * | - - - * | <-- SUB
LC58 -> - - - - - - - - - - - * * * * - | - - - * | <-- Z0
LC53 -> - - - - - - - - - - - - * * * - | - - - * | <-- Z1
LC57 -> - - - - - - - - - - - - - * * - | - - - * | <-- Z2
LC49 -> * * * * * - * - - * - * * * * * | - * * * | <-- Z3
LC51 -> - - - - - - - * - * - - - - - * | - - - * | <-- :9

Pin
92   -> - - - - - - - - - * - - - - - - | - - - * | <-- A7
10   -> - - - - * - - - - - - - - - - - | - - - * | <-- B7
87   -> - - - - - - - - - - - - - - - - | - * - - | <-- CLK
9    -> - - - - - - - - * - - - - - - - | - - - * | <-- M
14   -> - * - - * - - - * * * - - - - - | - * * * | <-- STROB
LC39 -> - - - - - - - * - * - - - - - * | - - - * | <-- |register8:7|Q7
LC44 -> - - - - - - - * - * - - - - - * | - - - * | <-- S0
LC22 -> * - - - * - - - - * - * * * * * | - * * * | <-- :31


* = The logic cell or pin is an input to the logic cell (or LAB) through the PIA.
- = The logic cell or pin is not an input to the logic cell (or LAB).


Device-Specific Information:d:\programmes\max\max_projects\pcsod_kurs\alu8.rpt
alu8

** EQUATIONS **

A0       : INPUT;
A1       : INPUT;
A2       : INPUT;
A3       : INPUT;
A4       : INPUT;
A5       : INPUT;
A6       : INPUT;
A7       : INPUT;
B0       : INPUT;
B1       : INPUT;
B2       : INPUT;
B3       : INPUT;
B4       : INPUT;
B5       : INPUT;
B6       : INPUT;
B7       : INPUT;
CLK      : INPUT;
M        : INPUT;
STROB    : INPUT;

-- Node name is 'CLKSDV' 
-- Equation name is 'CLKSDV', location is LC064, type is output.
 CLKSDV  = LCELL( _EQ001 $  GND);
  _EQ001 =  _LC022 &  _LC056 &  _LC060 & !Z3;

-- Node name is 'CLKWR' 
-- Equation name is 'CLKWR', location is LC035, type is output.
 CLKWR   = LCELL( _EQ002 $  GND);
  _EQ002 =  _LC022 & !_LC056 &  _LC060 &  STROB;

-- Node name is 'READ' 
-- Equation name is 'READ', location is LC063, type is output.
 READ    = LCELL( _EQ003 $  GND);
  _EQ003 =  _LC056 &  _LC060 &  Z3;

-- Node name is 'RESET' 
-- Equation name is 'RESET', location is LC059, type is output.
 RESET   = LCELL( _EQ004 $  GND);
  _EQ004 = !_LC056 & !_LC060;

-- Node name is 'SDVIG' 
-- Equation name is 'SDVIG', location is LC055, type is output.
 SDVIG   = LCELL( _EQ005 $  GND);
  _EQ005 =  _LC056 &  _LC060 & !Z3;

-- Node name is 'Si' 
-- Equation name is 'Si', location is LC054, type is output.
 Si      = LCELL( _EQ006 $  _LC051);
  _EQ006 = !_LC039 &  S0
         #  _LC039 & !S0;

-- Node name is 'SUB' = ':10' 
-- Equation name is 'SUB', type is output 
 SUB     = TFFE( _EQ007, GLOBAL( CLK), !_EQ008,  VCC,  VCC);
  _EQ007 = !_LC056 &  _LC060 &  M &  STROB;
  _EQ008 = !_LC056 & !_LC060;

-- Node name is 'S0' = '|register8:6|Q7' 
-- Equation name is 'S0', type is output 
 S0      = DFFE( _EQ009 $  S1,  _EQ010, !_EQ011,  VCC,  VCC);
  _EQ009 =  A0 & !_LC056 &  _LC060 &  STROB & !S1
         # !A0 & !_LC056 &  _LC060 &  STROB &  S1;
  _EQ010 =  _LC022 &  _LC060 &  _X001 &  _X002;
  _X001  = EXP(!_LC056 & !STROB);
  _X002  = EXP( _LC056 &  Z3);
  _EQ011 = !_LC056 & !_LC060;

-- Node name is 'S1' = '|register8:6|Q6' 
-- Equation name is 'S1', type is output 
 S1      = DFFE( _EQ012 $  S2,  _EQ013, !_EQ014,  VCC,  VCC);
  _EQ012 =  A1 & !_LC056 &  _LC060 &  STROB & !S2
         # !A1 & !_LC056 &  _LC060 &  STROB &  S2;
  _EQ013 =  _LC022 &  _LC060 &  _X001 &  _X002;
  _X001  = EXP(!_LC056 & !STROB);
  _X002  = EXP( _LC056 &  Z3);
  _EQ014 = !_LC056 & !_LC060;

-- Node name is 'S2' = '|register8:6|Q5' 
-- Equation name is 'S2', type is output 
 S2      = DFFE( _EQ015 $  S3,  _EQ016, !_EQ017,  VCC,  VCC);
  _EQ015 =  A2 & !_LC056 &  _LC060 &  STROB & !S3
         # !A2 & !_LC056 &  _LC060 &  STROB &  S3;
  _EQ016 =  _LC022 &  _LC060 &  _X001 &  _X002;
  _X001  = EXP(!_LC056 & !STROB);
  _X002  = EXP( _LC056 &  Z3);
  _EQ017 = !_LC056 & !_LC060;

-- Node name is 'S3' = '|register8:6|Q4' 
-- Equation name is 'S3', type is output 
 S3      = DFFE( _EQ018 $  S4,  _EQ019, !_EQ020,  VCC,  VCC);
  _EQ018 =  A3 & !_LC056 &  _LC060 &  STROB & !S4
         # !A3 & !_LC056 &  _LC060 &  STROB &  S4;
  _EQ019 =  _LC022 &  _LC060 &  _X001 &  _X002;
  _X001  = EXP(!_LC056 & !STROB);
  _X002  = EXP( _LC056 &  Z3);
  _EQ020 = !_LC056 & !_LC060;

-- Node name is 'S4' = '|register8:6|Q3' 
-- Equation name is 'S4', type is output 
 S4      = DFFE( _EQ021 $  S5,  _EQ022, !_EQ023,  VCC,  VCC);
  _EQ021 =  A4 & !_LC056 &  _LC060 &  STROB & !S5
         # !A4 & !_LC056 &  _LC060 &  STROB &  S5;
  _EQ022 =  _LC022 &  _LC060 &  _X001 &  _X002;
  _X001  = EXP(!_LC056 & !STROB);
  _X002  = EXP( _LC056 &  Z3);
  _EQ023 = !_LC056 & !_LC060;

-- Node name is 'S5' = '|register8:6|Q2' 
-- Equation name is 'S5', type is output 
 S5      = DFFE( _EQ024 $  S6,  _EQ025, !_EQ026,  VCC,  VCC);
  _EQ024 =  A5 & !_LC056 &  _LC060 &  STROB & !S6
         # !A5 & !_LC056 &  _LC060 &  STROB &  S6;
  _EQ025 =  _LC022 &  _LC060 &  _X001 &  _X002;
  _X001  = EXP(!_LC056 & !STROB);
  _X002  = EXP( _LC056 &  Z3);
  _EQ026 = !_LC056 & !_LC060;

-- Node name is 'S6' = '|register8:6|Q1' 
-- Equation name is 'S6', type is output 
 S6      = DFFE( _EQ027 $  S7,  _EQ028, !_EQ029,  VCC,  VCC);
  _EQ027 =  A6 & !_LC056 &  _LC060 &  STROB & !S7
         # !A6 & !_LC056 &  _LC060 &  STROB &  S7;
  _EQ028 =  _LC022 &  _LC060 &  _X001 &  _X002;
  _X001  = EXP(!_LC056 & !STROB);
  _X002  = EXP( _LC056 &  Z3);
  _EQ029 = !_LC056 & !_LC060;

-- Node name is 'S7' = '|register8:6|Q0' 
-- Equation name is 'S7', type is output 
 S7      = DFFE( _EQ030 $ !S0,  _EQ031, !_EQ032,  VCC,  VCC);
  _EQ030 =  _X003 &  _X004 &  _X005 &  _X006 &  _X007 &  _X008 &  _X009 & 
              _X010;
  _X003  = EXP(!A7 & !_LC056 &  _LC060 &  STROB &  S0);
  _X004  = EXP( A7 & !_LC056 &  _LC060 &  STROB & !S0);
  _X005  = EXP( _LC039 & !_LC051 &  _LC056);
  _X006  = EXP(!_LC039 &  _LC051 &  _LC056);
  _X007  = EXP( _LC039 & !_LC051 & !_LC060);
  _X008  = EXP( _LC039 & !_LC051 & !STROB);
  _X009  = EXP(!_LC039 &  _LC051 & !_LC060);
  _X010  = EXP(!_LC039 &  _LC051 & !STROB);
  _EQ031 =  _LC022 &  _LC060 &  _X001 &  _X002;
  _X001  = EXP(!_LC056 & !STROB);
  _X002  = EXP( _LC056 &  Z3);
  _EQ032 = !_LC056 & !_LC060;

-- Node name is 'WRITE' 
-- Equation name is 'WRITE', location is LC062, type is output.
 WRITE   = LCELL( _EQ033 $  GND);
  _EQ033 = !_LC056 &  _LC060 &  STROB;

-- Node name is 'Z0' = '|counter8:11|Q1' 
-- Equation name is 'Z0', type is output 
 Z0      = TFFE( VCC,  _EQ034, !_EQ035,  VCC,  VCC);
  _EQ034 =  _LC022 &  _LC056 &  _LC060 & !Z3;
  _EQ035 = !_LC056 & !_LC060;

-- Node name is 'Z1' = '|counter8:11|Q2' 
-- Equation name is 'Z1', type is output 
 Z1      = TFFE( Z0,  _EQ036, !_EQ037,  VCC,  VCC);
  _EQ036 =  _LC022 &  _LC056 &  _LC060 & !Z3;
  _EQ037 = !_LC056 & !_LC060;

-- Node name is 'Z2' = '|counter8:11|Q4' 
-- Equation name is 'Z2', type is output 
 Z2      = TFFE( _EQ038,  _EQ039, !_EQ040,  VCC,  VCC);
  _EQ038 =  Z0 &  Z1;
  _EQ039 =  _LC022 &  _LC056 &  _LC060 & !Z3;
  _EQ040 = !_LC056 & !_LC060;

-- Node name is 'Z3' = '|counter8:11|Q8' 
-- Equation name is 'Z3', type is output 
 Z3      = TFFE( _EQ041,  _EQ042, !_EQ043,  VCC,  VCC);
  _EQ041 =  Z0 &  Z1 &  Z2;
  _EQ042 =  _LC022 &  _LC056 &  _LC060 & !Z3;
  _EQ043 = !_LC056 & !_LC060;

-- Node name is '|main_machine:13|:110' 
-- Equation name is '_LC056', type is buried 
_LC056   = TFFE( _EQ044, GLOBAL( CLK),  VCC,  VCC,  VCC);
  _EQ044 =  _LC056 &  _LC060 &  Z3
         # !_LC056 &  _LC060 &  STROB;

-- Node name is '|main_machine:13|:111' 
-- Equation name is '_LC060', type is buried 
_LC060   = DFFE( _EQ045 $ !_LC056, GLOBAL( CLK),  VCC,  VCC,  VCC);
  _EQ045 =  _LC056 &  _LC060 & !Z3;

-- Node name is '|register8:7|:10' = '|register8:7|Q0' 
-- Equation name is '_LC061', type is buried 
_LC061   = DFFE( _EQ046 $  GND,  _EQ047, !_EQ048,  VCC,  VCC);
  _EQ046 =  B7 & !_LC056 &  _LC060 &  STROB;
  _EQ047 =  _LC022 &  _LC060 &  _X001 &  _X002;
  _X001  = EXP(!_LC056 & !STROB);
  _X002  = EXP( _LC056 &  Z3);
  _EQ048 = !_LC056 & !_LC060;

-- Node name is '|register8:7|:11' = '|register8:7|Q1' 
-- Equation name is '_LC041', type is buried 
_LC041   = DFFE( _EQ049 $  _LC061,  _EQ050, !_EQ051,  VCC,  VCC);
  _EQ049 =  B6 & !_LC056 &  _LC060 & !_LC061 &  STROB
         # !B6 & !_LC056 &  _LC060 &  _LC061 &  STROB;
  _EQ050 =  _LC022 &  _LC060 &  _X001 &  _X002;
  _X001  = EXP(!_LC056 & !STROB);
  _X002  = EXP( _LC056 &  Z3);
  _EQ051 = !_LC056 & !_LC060;

-- Node name is '|register8:7|:12' = '|register8:7|Q2' 
-- Equation name is '_LC047', type is buried 
_LC047   = DFFE( _EQ052 $  _LC041,  _EQ053, !_EQ054,  VCC,  VCC);
  _EQ052 =  B5 & !_LC041 & !_LC056 &  _LC060 &  STROB
         # !B5 &  _LC041 & !_LC056 &  _LC060 &  STROB;
  _EQ053 =  _LC022 &  _LC060 &  _X001 &  _X002;
  _X001  = EXP(!_LC056 & !STROB);
  _X002  = EXP( _LC056 &  Z3);
  _EQ054 = !_LC056 & !_LC060;

-- Node name is '|register8:7|:13' = '|register8:7|Q3' 
-- Equation name is '_LC042', type is buried 
_LC042   = DFFE( _EQ055 $  _LC047,  _EQ056, !_EQ057,  VCC,  VCC);
  _EQ055 =  B4 & !_LC047 & !_LC056 &  _LC060 &  STROB
         # !B4 &  _LC047 & !_LC056 &  _LC060 &  STROB;
  _EQ056 =  _LC022 &  _LC060 &  _X001 &  _X002;
  _X001  = EXP(!_LC056 & !STROB);
  _X002  = EXP( _LC056 &  Z3);
  _EQ057 = !_LC056 & !_LC060;

-- Node name is '|register8:7|:34' = '|register8:7|Q4' 
-- Equation name is '_LC043', type is buried 
_LC043   = DFFE( _EQ058 $  _LC042,  _EQ059, !_EQ060,  VCC,  VCC);
  _EQ058 =  B3 & !_LC042 & !_LC056 &  _LC060 &  STROB
         # !B3 &  _LC042 & !_LC056 &  _LC060 &  STROB;
  _EQ059 =  _LC022 &  _LC060 &  _X001 &  _X002;
  _X001  = EXP(!_LC056 & !STROB);
  _X002  = EXP( _LC056 &  Z3);
  _EQ060 = !_LC056 & !_LC060;

-- Node name is '|register8:7|:40' = '|register8:7|Q5' 
-- Equation name is '_LC045', type is buried 
_LC045   = DFFE( _EQ061 $  _LC043,  _EQ062, !_EQ063,  VCC,  VCC);
  _EQ061 =  B2 & !_LC043 & !_LC056 &  _LC060 &  STROB
         # !B2 &  _LC043 & !_LC056 &  _LC060 &  STROB;
  _EQ062 =  _LC022 &  _LC060 &  _X001 &  _X002;
  _X001  = EXP(!_LC056 & !STROB);
  _X002  = EXP( _LC056 &  Z3);
  _EQ063 = !_LC056 & !_LC060;

-- Node name is '|register8:7|:46' = '|register8:7|Q6' 
-- Equation name is '_LC040', type is buried 
_LC040   = DFFE( _EQ064 $  _LC045,  _EQ065, !_EQ066,  VCC,  VCC);
  _EQ064 =  B1 & !_LC045 & !_LC056 &  _LC060 &  STROB
         # !B1 &  _LC045 & !_LC056 &  _LC060 &  STROB;
  _EQ065 =  _LC022 &  _LC060 &  _X001 &  _X002;
  _X001  = EXP(!_LC056 & !STROB);
  _X002  = EXP( _LC056 &  Z3);
  _EQ066 = !_LC056 & !_LC060;

-- Node name is '|register8:7|:52' = '|register8:7|Q7' 
-- Equation name is '_LC039', type is buried 
_LC039   = DFFE( _EQ067 $  _LC040,  _EQ068, !_EQ069,  VCC,  VCC);
  _EQ067 =  B0 & !_LC040 & !_LC056 &  _LC060 &  STROB
         # !B0 &  _LC040 & !_LC056 &  _LC060 &  STROB;
  _EQ068 =  _LC022 &  _LC060 &  _X001 &  _X002;
  _X001  = EXP(!_LC056 & !STROB);
  _X002  = EXP( _LC056 &  Z3);
  _EQ069 = !_LC056 & !_LC060;

-- Node name is ':9' 
-- Equation name is '_LC051', type is buried 
_LC051   = DFFE( _EQ070 $  GND,  _EQ071, !_EQ072,  VCC,  VCC);
  _EQ070 =  SUB & !S0 &  _X011
         # !SUB &  S0 &  _X011
         #  _LC039 &  _LC051;
  _X011  = EXP(!_LC039 & !_LC051);
  _EQ071 =  _LC022 &  _LC056 &  _LC060 & !Z3;
  _EQ072 = !_LC056 & !_LC060;

-- Node name is ':31' 
-- Equation name is '_LC022', type is buried 
_LC022   = LCELL( CLK $  GND);



--     Shareable expanders that are duplicated in multiple LABs:
--    _X001 occurs in LABs B, C, D
--    _X002 occurs in LABs B, C, D




Project Information         d:\programmes\max\max_projects\pcsod_kurs\alu8.rpt

** COMPILATION SETTINGS & TIMES **

Processing Menu Commands
------------------------

Design Doctor                             = off

Logic Synthesis:

   Synthesis Type Used                    = Standard

   Default Synthesis Style                = NORMAL

      Logic option settings in 'NORMAL' style for 'MAX3000A' family

      DECOMPOSE_GATES                     = on
      DUPLICATE_LOGIC_EXTRACTION          = on
      MINIMIZATION                        = full
      MULTI_LEVEL_FACTORING               = on
      NOT_GATE_PUSH_BACK                  = on
      PARALLEL_EXPANDERS                  = off
      REDUCE_LOGIC                        = on
      REFACTORIZATION                     = on
      REGISTER_OPTIMIZATION               = on
      RESYNTHESIZE_NETWORK                = on
      SLOW_SLEW_RATE                      = off
      SOFT_BUFFER_INSERTION               = on
      SUBFACTOR_EXTRACTION                = on
      TURBO_BIT                           = on
      XOR_SYNTHESIS                       = on
      IGNORE_SOFT_BUFFERS                 = off
      USE_LPM_FOR_AHDL_OPERATORS          = off

   Other logic synthesis settings:

      Automatic Global Clock              = on
      Automatic Global Clear              = on
      Automatic Global Preset             = on
      Automatic Global Output Enable      = on
      Automatic Fast I/O                  = off
      Automatic Register Packing          = off
      Automatic Open-Drain Pins           = on
      Automatic Implement in EAB          = off
      One-Hot State Machine Encoding      = off
      Optimize                            = 5

Default Timing Specifications: None

Cut All Bidir Feedback Timing Paths       = on
Cut All Clear & Preset Timing Paths       = on

Ignore Timing Assignments                 = off

Functional SNF Extractor                  = off

Linked SNF Extractor                      = off
Timing SNF Extractor                      = on
Optimize Timing SNF                       = off
Generate AHDL TDO File                    = off
Fitter Settings                           = NORMAL
Smart Recompile                           = off
Total Recompile                           = off

Interfaces Menu Commands
------------------------

EDIF Netlist Writer                       = off
Verilog Netlist Writer                    = off
VHDL Netlist Writer                       = off

Compilation Times
-----------------

   Compiler Netlist Extractor             00:00:00
   Database Builder                       00:00:00
   Logic Synthesizer                      00:00:00
   Partitioner                            00:00:00
   Fitter                                 00:00:00
   Timing SNF Extractor                   00:00:00
   Assembler                              00:00:00
   --------------------------             --------
   Total Time                             00:00:00


Memory Allocated
-----------------

Peak memory allocated during compilation  = 3,986K
